17:42:50 **** Build of configuration Debug for project Trial ****
make all 
Building file: ../system/src/newlib/assert.c
Invoking: GNU Arm Cross C Compiler
arm-none-eabi-gcc -mcpu=cortex-m4 -mthumb -mfloat-abi=soft -Og -fmessage-length=0 -fsigned-char -ffunction-sections -fdata-sections -ffreestanding -fno-move-loop-invariants -Wall -Wextra -g3 -DDEBUG -DUSE_FULL_ASSERT -DTRACE -DOS_USE_TRACE_SEMIHOSTING_DEBUG -DSTM32F401xC -DUSE_HAL_DRIVER -DHSE_VALUE=25000000 -I"../include" -I"../system/include" -I"../system/include/cmsis" -I"../system/include/stm32f4-hal" -std=gnu11 -MMD -MP -MF"system/src/newlib/assert.d" -MT"system/src/newlib/assert.o" -c -o "system/src/newlib/assert.o" "../system/src/newlib/assert.c"
Finished building: ../system/src/newlib/assert.c
 
Building file: ../system/src/newlib/cxx.cpp
Invoking: GNU Arm Cross C++ Compiler
arm-none-eabi-g++ -mcpu=cortex-m4 -mthumb -mfloat-abi=soft -Og -fmessage-length=0 -fsigned-char -ffunction-sections -fdata-sections -ffreestanding -fno-move-loop-invariants -Wall -Wextra -g3 -DDEBUG -DUSE_FULL_ASSERT -DTRACE -DOS_USE_TRACE_SEMIHOSTING_DEBUG -DSTM32F401xC -DUSE_HAL_DRIVER -DHSE_VALUE=25000000 -I"../include" -I"../system/include" -I"../system/include/cmsis" -I"../system/include/stm32f4-hal" -std=gnu++11 -fabi-version=0 -fno-exceptions -fno-rtti -fno-use-cxa-atexit -fno-threadsafe-statics -MMD -MP -MF"system/src/newlib/cxx.d" -MT"system/src/newlib/cxx.o" -c -o "system/src/newlib/cxx.o" "../system/src/newlib/cxx.cpp"
Finished building: ../system/src/newlib/cxx.cpp
 
Building file: ../system/src/newlib/exit.c
Invoking: GNU Arm Cross C Compiler
arm-none-eabi-gcc -mcpu=cortex-m4 -mthumb -mfloat-abi=soft -Og -fmessage-length=0 -fsigned-char -ffunction-sections -fdata-sections -ffreestanding -fno-move-loop-invariants -Wall -Wextra -g3 -DDEBUG -DUSE_FULL_ASSERT -DTRACE -DOS_USE_TRACE_SEMIHOSTING_DEBUG -DSTM32F401xC -DUSE_HAL_DRIVER -DHSE_VALUE=25000000 -I"../include" -I"../system/include" -I"../system/include/cmsis" -I"../system/include/stm32f4-hal" -std=gnu11 -MMD -MP -MF"system/src/newlib/exit.d" -MT"system/src/newlib/exit.o" -c -o "system/src/newlib/exit.o" "../system/src/newlib/exit.c"
Finished building: ../system/src/newlib/exit.c
 
Building file: ../system/src/newlib/sbrk.c
Invoking: GNU Arm Cross C Compiler
arm-none-eabi-gcc -mcpu=cortex-m4 -mthumb -mfloat-abi=soft -Og -fmessage-length=0 -fsigned-char -ffunction-sections -fdata-sections -ffreestanding -fno-move-loop-invariants -Wall -Wextra -g3 -DDEBUG -DUSE_FULL_ASSERT -DTRACE -DOS_USE_TRACE_SEMIHOSTING_DEBUG -DSTM32F401xC -DUSE_HAL_DRIVER -DHSE_VALUE=25000000 -I"../include" -I"../system/include" -I"../system/include/cmsis" -I"../system/include/stm32f4-hal" -std=gnu11 -MMD -MP -MF"system/src/newlib/sbrk.d" -MT"system/src/newlib/sbrk.o" -c -o "system/src/newlib/sbrk.o" "../system/src/newlib/sbrk.c"
Finished building: ../system/src/newlib/sbrk.c
 
Building file: ../system/src/newlib/startup.c
Invoking: GNU Arm Cross C Compiler
arm-none-eabi-gcc -mcpu=cortex-m4 -mthumb -mfloat-abi=soft -Og -fmessage-length=0 -fsigned-char -ffunction-sections -fdata-sections -ffreestanding -fno-move-loop-invariants -Wall -Wextra -g3 -DDEBUG -DUSE_FULL_ASSERT -DTRACE -DOS_USE_TRACE_SEMIHOSTING_DEBUG -DSTM32F401xC -DUSE_HAL_DRIVER -DHSE_VALUE=25000000 -DOS_INCLUDE_STARTUP_INIT_MULTIPLE_RAM_SECTIONS -I"../include" -I"../system/include" -I"../system/include/cmsis" -I"../system/include/stm32f4-hal" -std=gnu11 -MMD -MP -MF"system/src/newlib/startup.d" -MT"system/src/newlib/startup.o" -c -o "system/src/newlib/startup.o" "../system/src/newlib/startup.c"
Finished building: ../system/src/newlib/startup.c
 
Building file: ../system/src/newlib/syscalls.c
Invoking: GNU Arm Cross C Compiler
arm-none-eabi-gcc -mcpu=cortex-m4 -mthumb -mfloat-abi=soft -Og -fmessage-length=0 -fsigned-char -ffunction-sections -fdata-sections -ffreestanding -fno-move-loop-invariants -Wall -Wextra -g3 -DDEBUG -DUSE_FULL_ASSERT -DTRACE -DOS_USE_TRACE_SEMIHOSTING_DEBUG -DSTM32F401xC -DUSE_HAL_DRIVER -DHSE_VALUE=25000000 -I"../include" -I"../system/include" -I"../system/include/cmsis" -I"../system/include/stm32f4-hal" -std=gnu11 -MMD -MP -MF"system/src/newlib/syscalls.d" -MT"system/src/newlib/syscalls.o" -c -o "system/src/newlib/syscalls.o" "../system/src/newlib/syscalls.c"
Finished building: ../system/src/newlib/syscalls.c
 
Building file: ../system/src/diag/trace-impl.c
Invoking: GNU Arm Cross C Compiler
arm-none-eabi-gcc -mcpu=cortex-m4 -mthumb -mfloat-abi=soft -Og -fmessage-length=0 -fsigned-char -ffunction-sections -fdata-sections -ffreestanding -fno-move-loop-invariants -Wall -Wextra -g3 -DDEBUG -DUSE_FULL_ASSERT -DTRACE -DOS_USE_TRACE_SEMIHOSTING_DEBUG -DSTM32F401xC -DUSE_HAL_DRIVER -DHSE_VALUE=25000000 -I"../include" -I"../system/include" -I"../system/include/cmsis" -I"../system/include/stm32f4-hal" -std=gnu11 -MMD -MP -MF"system/src/diag/trace-impl.d" -MT"system/src/diag/trace-impl.o" -c -o "system/src/diag/trace-impl.o" "../system/src/diag/trace-impl.c"
Finished building: ../system/src/diag/trace-impl.c
 
Building file: ../system/src/diag/trace.c
Invoking: GNU Arm Cross C Compiler
arm-none-eabi-gcc -mcpu=cortex-m4 -mthumb -mfloat-abi=soft -Og -fmessage-length=0 -fsigned-char -ffunction-sections -fdata-sections -ffreestanding -fno-move-loop-invariants -Wall -Wextra -g3 -DDEBUG -DUSE_FULL_ASSERT -DTRACE -DOS_USE_TRACE_SEMIHOSTING_DEBUG -DSTM32F401xC -DUSE_HAL_DRIVER -DHSE_VALUE=25000000 -I"../include" -I"../system/include" -I"../system/include/cmsis" -I"../system/include/stm32f4-hal" -std=gnu11 -MMD -MP -MF"system/src/diag/trace.d" -MT"system/src/diag/trace.o" -c -o "system/src/diag/trace.o" "../system/src/diag/trace.c"
Finished building: ../system/src/diag/trace.c
 
Building file: ../system/src/cortexm/exception-handlers.c
Invoking: GNU Arm Cross C Compiler
arm-none-eabi-gcc -mcpu=cortex-m4 -mthumb -mfloat-abi=soft -Og -fmessage-length=0 -fsigned-char -ffunction-sections -fdata-sections -ffreestanding -fno-move-loop-invariants -Wall -Wextra -g3 -DDEBUG -DUSE_FULL_ASSERT -DTRACE -DOS_USE_TRACE_SEMIHOSTING_DEBUG -DSTM32F401xC -DUSE_HAL_DRIVER -DHSE_VALUE=25000000 -I"../include" -I"../system/include" -I"../system/include/cmsis" -I"../system/include/stm32f4-hal" -std=gnu11 -MMD -MP -MF"system/src/cortexm/exception-handlers.d" -MT"system/src/cortexm/exception-handlers.o" -c -o "system/src/cortexm/exception-handlers.o" "../system/src/cortexm/exception-handlers.c"
Finished building: ../system/src/cortexm/exception-handlers.c
 
Building file: ../system/src/cortexm/initialize-hardware.c
Invoking: GNU Arm Cross C Compiler
arm-none-eabi-gcc -mcpu=cortex-m4 -mthumb -mfloat-abi=soft -Og -fmessage-length=0 -fsigned-char -ffunction-sections -fdata-sections -ffreestanding -fno-move-loop-invariants -Wall -Wextra -g3 -DDEBUG -DUSE_FULL_ASSERT -DTRACE -DOS_USE_TRACE_SEMIHOSTING_DEBUG -DSTM32F401xC -DUSE_HAL_DRIVER -DHSE_VALUE=25000000 -I"../include" -I"../system/include" -I"../system/include/cmsis" -I"../system/include/stm32f4-hal" -std=gnu11 -MMD -MP -MF"system/src/cortexm/initialize-hardware.d" -MT"system/src/cortexm/initialize-hardware.o" -c -o "system/src/cortexm/initialize-hardware.o" "../system/src/cortexm/initialize-hardware.c"
Finished building: ../system/src/cortexm/initialize-hardware.c
 
Building file: ../system/src/cortexm/reset-hardware.c
Invoking: GNU Arm Cross C Compiler
arm-none-eabi-gcc -mcpu=cortex-m4 -mthumb -mfloat-abi=soft -Og -fmessage-length=0 -fsigned-char -ffunction-sections -fdata-sections -ffreestanding -fno-move-loop-invariants -Wall -Wextra -g3 -DDEBUG -DUSE_FULL_ASSERT -DTRACE -DOS_USE_TRACE_SEMIHOSTING_DEBUG -DSTM32F401xC -DUSE_HAL_DRIVER -DHSE_VALUE=25000000 -I"../include" -I"../system/include" -I"../system/include/cmsis" -I"../system/include/stm32f4-hal" -std=gnu11 -MMD -MP -MF"system/src/cortexm/reset-hardware.d" -MT"system/src/cortexm/reset-hardware.o" -c -o "system/src/cortexm/reset-hardware.o" "../system/src/cortexm/reset-hardware.c"
Finished building: ../system/src/cortexm/reset-hardware.c
 
Building file: ../system/src/cmsis/system_stm32f4xx.c
Invoking: GNU Arm Cross C Compiler
arm-none-eabi-gcc -mcpu=cortex-m4 -mthumb -mfloat-abi=soft -Og -fmessage-length=0 -fsigned-char -ffunction-sections -fdata-sections -ffreestanding -fno-move-loop-invariants -Wall -Wextra -g3 -DDEBUG -DUSE_FULL_ASSERT -DTRACE -DOS_USE_TRACE_SEMIHOSTING_DEBUG -DSTM32F401xC -DUSE_HAL_DRIVER -DHSE_VALUE=25000000 -I"../include" -I"../system/include" -I"../system/include/cmsis" -I"../system/include/stm32f4-hal" -std=gnu11 -Wno-padded -MMD -MP -MF"system/src/cmsis/system_stm32f4xx.d" -MT"system/src/cmsis/system_stm32f4xx.o" -c -o "system/src/cmsis/system_stm32f4xx.o" "../system/src/cmsis/system_stm32f4xx.c"
Finished building: ../system/src/cmsis/system_stm32f4xx.c
 
Building file: ../system/src/cmsis/vectors_stm32f401xc.c
Invoking: GNU Arm Cross C Compiler
arm-none-eabi-gcc -mcpu=cortex-m4 -mthumb -mfloat-abi=soft -Og -fmessage-length=0 -fsigned-char -ffunction-sections -fdata-sections -ffreestanding -fno-move-loop-invariants -Wall -Wextra -g3 -DDEBUG -DUSE_FULL_ASSERT -DTRACE -DOS_USE_TRACE_SEMIHOSTING_DEBUG -DSTM32F401xC -DUSE_HAL_DRIVER -DHSE_VALUE=25000000 -I"../include" -I"../system/include" -I"../system/include/cmsis" -I"../system/include/stm32f4-hal" -std=gnu11 -MMD -MP -MF"system/src/cmsis/vectors_stm32f401xc.d" -MT"system/src/cmsis/vectors_stm32f401xc.o" -c -o "system/src/cmsis/vectors_stm32f401xc.o" "../system/src/cmsis/vectors_stm32f401xc.c"
Finished building: ../system/src/cmsis/vectors_stm32f401xc.c
 
Building file: ../src/main.c
Invoking: GNU Arm Cross C Compiler
arm-none-eabi-gcc -mcpu=cortex-m4 -mthumb -mfloat-abi=soft -Og -fmessage-length=0 -fsigned-char -ffunction-sections -fdata-sections -ffreestanding -fno-move-loop-invariants -Wall -Wextra -g3 -DDEBUG -DUSE_FULL_ASSERT -DTRACE -DOS_USE_TRACE_SEMIHOSTING_DEBUG -DSTM32F401xC -DUSE_HAL_DRIVER -DHSE_VALUE=25000000 -I"../include" -I"../system/include" -I"../system/include/cmsis" -I"../system/include/stm32f4-hal" -std=gnu11 -MMD -MP -MF"src/main.d" -MT"src/main.o" -c -o "src/main.o" "../src/main.c"
../src/main.c: In function 'main':
../src/main.c:61:6: warning: unused variable 'var' [-Wunused-variable]
  int var = 5;
      ^
Finished building: ../src/main.c
 
Building target: Trial.elf
Invoking: GNU Arm Cross C++ Linker
arm-none-eabi-g++ -mcpu=cortex-m4 -mthumb -mfloat-abi=soft -Og -fmessage-length=0 -fsigned-char -ffunction-sections -fdata-sections -ffreestanding -fno-move-loop-invariants -Wall -Wextra -g3 -T mem.ld -T libs.ld -T sections.ld -nostartfiles -Xlinker --gc-sections -L"../ldscripts" -Wl,-Map,"Trial.map" --specs=nano.specs -o "Trial.elf"  ./system/src/newlib/assert.o ./system/src/newlib/cxx.o ./system/src/newlib/exit.o ./system/src/newlib/sbrk.o ./system/src/newlib/startup.o ./system/src/newlib/syscalls.o  ./system/src/diag/trace-impl.o ./system/src/diag/trace.o  ./system/src/cortexm/exception-handlers.o ./system/src/cortexm/initialize-hardware.o ./system/src/cortexm/reset-hardware.o  ./system/src/cmsis/system_stm32f4xx.o ./system/src/cmsis/vectors_stm32f401xc.o  ./src/main.o   
Finished building target: Trial.elf
 
Invoking: GNU Arm Cross Create Flash Image
arm-none-eabi-objcopy -O ihex "Trial.elf"  "Trial.hex"
Finished building: Trial.hex
 
Invoking: GNU Arm Cross Print Size
arm-none-eabi-size --format=berkeley "Trial.elf"
   text	   data	    bss	    dec	    hex	filename
   4475	    160	    412	   5047	   13b7	Trial.elf
Finished building: Trial.siz
 
17:55:28 **** Incremental Build of configuration Debug for project Trial ****
make all 
Invoking: GNU Arm Cross Print Size
arm-none-eabi-size --format=berkeley "Trial.elf"
   text	   data	    bss	    dec	    hex	filename
   4475	    160	    412	   5047	   13b7	Trial.elf
Finished building: Trial.siz
 
17:59:58 **** Incremental Build of configuration Debug for project Trial ****
make all 
Invoking: GNU Arm Cross Print Size
arm-none-eabi-size --format=berkeley "Trial.elf"
   text	   data	    bss	    dec	    hex	filename
   4475	    160	    412	   5047	   13b7	Trial.elf
Finished building: Trial.siz
 
18:02:35 **** Incremental Build of configuration Debug for project Trial ****
make all 
Invoking: GNU Arm Cross Print Size
arm-none-eabi-size --format=berkeley "Trial.elf"
   text	   data	    bss	    dec	    hex	filename
   4475	    160	    412	   5047	   13b7	Trial.elf
Finished building: Trial.siz
 
18:03:05 **** Incremental Build of configuration Debug for project Trial ****
make all 
Invoking: GNU Arm Cross Print Size
arm-none-eabi-size --format=berkeley "Trial.elf"
   text	   data	    bss	    dec	    hex	filename
   4475	    160	    412	   5047	   13b7	Trial.elf
Finished building: Trial.siz
 
18:10:08 **** Incremental Build of configuration Debug for project Trial ****
make all 
Invoking: GNU Arm Cross Print Size
arm-none-eabi-size --format=berkeley "Trial.elf"
   text	   data	    bss	    dec	    hex	filename
   4475	    160	    412	   5047	   13b7	Trial.elf
Finished building: Trial.siz
 
18:19:21 **** Incremental Build of configuration Debug for project Trial ****
make all 
Invoking: GNU Arm Cross Print Size
arm-none-eabi-size --format=berkeley "Trial.elf"
   text	   data	    bss	    dec	    hex	filename
   4475	    160	    412	   5047	   13b7	Trial.elf
Finished building: Trial.siz
 
18:26:01 **** Incremental Build of configuration Debug for project Trial ****
make all 
Building file: ../src/main.c
Invoking: GNU Arm Cross C Compiler
arm-none-eabi-gcc -mcpu=cortex-m4 -mthumb -mfloat-abi=soft -Og -fmessage-length=0 -fsigned-char -ffunction-sections -fdata-sections -ffreestanding -fno-move-loop-invariants -Wall -Wextra -g3 -DDEBUG -DUSE_FULL_ASSERT -DTRACE -DOS_USE_TRACE_SEMIHOSTING_DEBUG -DSTM32F401xC -DUSE_HAL_DRIVER -DHSE_VALUE=25000000 -I"../include" -I"../system/include" -I"../system/include/cmsis" -I"../system/include/stm32f4-hal" -std=gnu11 -MMD -MP -MF"src/main.d" -MT"src/main.o" -c -o "src/main.o" "../src/main.c"
Finished building: ../src/main.c
 
Building target: Trial.elf
Invoking: GNU Arm Cross C++ Linker
arm-none-eabi-g++ -mcpu=cortex-m4 -mthumb -mfloat-abi=soft -Og -fmessage-length=0 -fsigned-char -ffunction-sections -fdata-sections -ffreestanding -fno-move-loop-invariants -Wall -Wextra -g3 -T mem.ld -T libs.ld -T sections.ld -nostartfiles -Xlinker --gc-sections -L"../ldscripts" -Wl,-Map,"Trial.map" --specs=nano.specs -o "Trial.elf"  ./system/src/newlib/assert.o ./system/src/newlib/cxx.o ./system/src/newlib/exit.o ./system/src/newlib/sbrk.o ./system/src/newlib/startup.o ./system/src/newlib/syscalls.o  ./system/src/diag/trace-impl.o ./system/src/diag/trace.o  ./system/src/cortexm/exception-handlers.o ./system/src/cortexm/initialize-hardware.o ./system/src/cortexm/reset-hardware.o  ./system/src/cmsis/system_stm32f4xx.o ./system/src/cmsis/vectors_stm32f401xc.o  ./src/main.o   
Finished building target: Trial.elf
 
Invoking: GNU Arm Cross Create Flash Image
arm-none-eabi-objcopy -O ihex "Trial.elf"  "Trial.hex"
Finished building: Trial.hex
 
Invoking: GNU Arm Cross Print Size
arm-none-eabi-size --format=berkeley "Trial.elf"
   text	   data	    bss	    dec	    hex	filename
   4491	    160	    412	   5063	   13c7	Trial.elf
Finished building: Trial.siz
 
18:26:15 **** Incremental Build of configuration Debug for project Trial ****
make all 
Invoking: GNU Arm Cross Print Size
arm-none-eabi-size --format=berkeley "Trial.elf"
   text	   data	    bss	    dec	    hex	filename
   4491	    160	    412	   5063	   13c7	Trial.elf
Finished building: Trial.siz
 
18:30:44 **** Incremental Build of configuration Debug for project Trial ****
make all 
Building file: ../src/main.c
Invoking: GNU Arm Cross C Compiler
arm-none-eabi-gcc -mcpu=cortex-m4 -mthumb -mfloat-abi=soft -Og -fmessage-length=0 -fsigned-char -ffunction-sections -fdata-sections -ffreestanding -fno-move-loop-invariants -Wall -Wextra -g3 -DDEBUG -DUSE_FULL_ASSERT -DTRACE -DOS_USE_TRACE_SEMIHOSTING_DEBUG -DSTM32F401xC -DUSE_HAL_DRIVER -DHSE_VALUE=25000000 -I"../include" -I"../system/include" -I"../system/include/cmsis" -I"../system/include/stm32f4-hal" -std=gnu11 -MMD -MP -MF"src/main.d" -MT"src/main.o" -c -o "src/main.o" "../src/main.c"
Finished building: ../src/main.c
 
Building target: Trial.elf
Invoking: GNU Arm Cross C++ Linker
arm-none-eabi-g++ -mcpu=cortex-m4 -mthumb -mfloat-abi=soft -Og -fmessage-length=0 -fsigned-char -ffunction-sections -fdata-sections -ffreestanding -fno-move-loop-invariants -Wall -Wextra -g3 -T mem.ld -T libs.ld -T sections.ld -nostartfiles -Xlinker --gc-sections -L"../ldscripts" -Wl,-Map,"Trial.map" --specs=nano.specs -o "Trial.elf"  ./system/src/newlib/assert.o ./system/src/newlib/cxx.o ./system/src/newlib/exit.o ./system/src/newlib/sbrk.o ./system/src/newlib/startup.o ./system/src/newlib/syscalls.o  ./system/src/diag/trace-impl.o ./system/src/diag/trace.o  ./system/src/cortexm/exception-handlers.o ./system/src/cortexm/initialize-hardware.o ./system/src/cortexm/reset-hardware.o  ./system/src/cmsis/system_stm32f4xx.o ./system/src/cmsis/vectors_stm32f401xc.o  ./src/main.o   
Finished building target: Trial.elf
 
Invoking: GNU Arm Cross Create Flash Image
arm-none-eabi-objcopy -O ihex "Trial.elf"  "Trial.hex"
Finished building: Trial.hex
 
Invoking: GNU Arm Cross Print Size
arm-none-eabi-size --format=berkeley "Trial.elf"
   text	   data	    bss	    dec	    hex	filename
   4507	    160	    412	   5079	   13d7	Trial.elf
Finished building: Trial.siz
 
18:30:54 **** Incremental Build of configuration Debug for project Trial ****
make all 
Invoking: GNU Arm Cross Print Size
arm-none-eabi-size --format=berkeley "Trial.elf"
   text	   data	    bss	    dec	    hex	filename
   4507	    160	    412	   5079	   13d7	Trial.elf
Finished building: Trial.siz
 
00:13:13 **** Build of configuration Debug for project Trial ****
make all 
Building file: ../src/MCAL/RCC/RCC.c
Invoking: GNU Arm Cross C Compiler
arm-none-eabi-gcc -mcpu=cortex-m4 -mthumb -mfloat-abi=soft -Og -fmessage-length=0 -fsigned-char -ffunction-sections -fdata-sections -ffreestanding -fno-move-loop-invariants -Wall -Wextra -g3 -DDEBUG -DUSE_FULL_ASSERT -DTRACE -DOS_USE_TRACE_SEMIHOSTING_DEBUG -DSTM32F401xC -DUSE_HAL_DRIVER -DHSE_VALUE=25000000 -I"../include" -I"../system/include" -I"../system/include/cmsis" -I"../system/include/stm32f4-hal" -std=gnu11 -MMD -MP -MF"src/MCAL/RCC/RCC.d" -MT"src/MCAL/RCC/RCC.o" -c -o "src/MCAL/RCC/RCC.o" "../src/MCAL/RCC/RCC.c"
In file included from ../src/MCAL/RCC/RCC.c:8:0:
../src/MCAL/RCC/RCC.h:14:24: warning: initialization makes pointer from integer without a cast [-Wint-conversion]
 #define RCC_BASEADD    0x40023800
                        ^
../src/MCAL/RCC/RCC.c:10:25: note: in expansion of macro 'RCC_BASEADD'
 Registers_t *RCC_Regs = RCC_BASEADD;
                         ^
../src/MCAL/RCC/RCC.c:113:4: error: conflicting types for 'RCC_CheckClkStatus'
 u8 RCC_CheckClkStatus (RCC_Clock_t Clock, RCC_Status_t *ClockStatus)
    ^
In file included from ../src/MCAL/RCC/RCC.c:8:0:
../src/MCAL/RCC/RCC.h:115:4: note: previous declaration of 'RCC_CheckClkStatus' was here
 u8 RCC_CheckClkStatus (RCC_Clock_t Clock);
    ^
../src/MCAL/RCC/RCC.c:159:4: error: conflicting types for 'RCC_SetPLLSource'
 u8 RCC_SetPLLSource (RCC_Clock_t Clock)
    ^
In file included from ../src/MCAL/RCC/RCC.c:8:0:
../src/MCAL/RCC/RCC.h:116:4: note: previous declaration of 'RCC_SetPLLSource' was here
 u8 RCC_SetPLLSource (void);
    ^
make: *** [src/MCAL/RCC/subdir.mk:20: src/MCAL/RCC/RCC.o] Error 1
"make all" terminated with exit code 2. Build might be incomplete.
00:14:37 **** Incremental Build of configuration Debug for project Trial ****
make all 
Building file: ../src/MCAL/RCC/RCC.c
Invoking: GNU Arm Cross C Compiler
arm-none-eabi-gcc -mcpu=cortex-m4 -mthumb -mfloat-abi=soft -Og -fmessage-length=0 -fsigned-char -ffunction-sections -fdata-sections -ffreestanding -fno-move-loop-invariants -Wall -Wextra -g3 -DDEBUG -DUSE_FULL_ASSERT -DTRACE -DOS_USE_TRACE_SEMIHOSTING_DEBUG -DSTM32F401xC -DUSE_HAL_DRIVER -DHSE_VALUE=25000000 -I"../include" -I"../system/include" -I"../system/include/cmsis" -I"../system/include/stm32f4-hal" -std=gnu11 -MMD -MP -MF"src/MCAL/RCC/RCC.d" -MT"src/MCAL/RCC/RCC.o" -c -o "src/MCAL/RCC/RCC.o" "../src/MCAL/RCC/RCC.c"
In file included from ../src/MCAL/RCC/RCC.c:8:0:
../src/MCAL/RCC/RCC.h:14:24: warning: initialization makes pointer from integer without a cast [-Wint-conversion]
 #define RCC_BASEADD    0x40023800
                        ^
../src/MCAL/RCC/RCC.c:10:25: note: in expansion of macro 'RCC_BASEADD'
 Registers_t *RCC_Regs = RCC_BASEADD;
                         ^
../src/MCAL/RCC/RCC.c:113:4: error: conflicting types for 'RCC_CheckClkStatus'
 u8 RCC_CheckClkStatus (RCC_Clock_t Clock, RCC_Status_t *ClockStatus)
    ^
In file included from ../src/MCAL/RCC/RCC.c:8:0:
../src/MCAL/RCC/RCC.h:115:4: note: previous declaration of 'RCC_CheckClkStatus' was here
 u8 RCC_CheckClkStatus (RCC_Clock_t Clock);
    ^
make: *** [src/MCAL/RCC/subdir.mk:20: src/MCAL/RCC/RCC.o] Error 1
"make all" terminated with exit code 2. Build might be incomplete.
00:15:44 **** Incremental Build of configuration Debug for project Trial ****
make all 
Building file: ../src/MCAL/RCC/RCC.c
Invoking: GNU Arm Cross C Compiler
arm-none-eabi-gcc -mcpu=cortex-m4 -mthumb -mfloat-abi=soft -Og -fmessage-length=0 -fsigned-char -ffunction-sections -fdata-sections -ffreestanding -fno-move-loop-invariants -Wall -Wextra -g3 -DDEBUG -DUSE_FULL_ASSERT -DTRACE -DOS_USE_TRACE_SEMIHOSTING_DEBUG -DSTM32F401xC -DUSE_HAL_DRIVER -DHSE_VALUE=25000000 -I"../include" -I"../system/include" -I"../system/include/cmsis" -I"../system/include/stm32f4-hal" -std=gnu11 -MMD -MP -MF"src/MCAL/RCC/RCC.d" -MT"src/MCAL/RCC/RCC.o" -c -o "src/MCAL/RCC/RCC.o" "../src/MCAL/RCC/RCC.c"
In file included from ../src/MCAL/RCC/RCC.c:8:0:
../src/MCAL/RCC/RCC.h:14:24: warning: initialization makes pointer from integer without a cast [-Wint-conversion]
 #define RCC_BASEADD    0x40023800
                        ^
../src/MCAL/RCC/RCC.c:10:25: note: in expansion of macro 'RCC_BASEADD'
 Registers_t *RCC_Regs = RCC_BASEADD;
                         ^
Finished building: ../src/MCAL/RCC/RCC.c
 
Building file: ../src/main.c
Invoking: GNU Arm Cross C Compiler
arm-none-eabi-gcc -mcpu=cortex-m4 -mthumb -mfloat-abi=soft -Og -fmessage-length=0 -fsigned-char -ffunction-sections -fdata-sections -ffreestanding -fno-move-loop-invariants -Wall -Wextra -g3 -DDEBUG -DUSE_FULL_ASSERT -DTRACE -DOS_USE_TRACE_SEMIHOSTING_DEBUG -DSTM32F401xC -DUSE_HAL_DRIVER -DHSE_VALUE=25000000 -I"../include" -I"../system/include" -I"../system/include/cmsis" -I"../system/include/stm32f4-hal" -std=gnu11 -MMD -MP -MF"src/main.d" -MT"src/main.o" -c -o "src/main.o" "../src/main.c"
In file included from ../src/MCAL/RCC/RCC.h:11:0,
                 from ../src/main.c:4:
../src/MCAL/RCC/../../LIB/Std_Types.h:13:0: warning: "NULL" redefined
 #define  NULL (void*)0
 ^
In file included from f:\iti\arm_course_engahmedtourkey\downloads\arm_stm32f401\tools\arm gcc\arm-none-eabi\include\stdlib.h:16:0,
                 from ../src/main.c:3:
f:\iti\arm_course_engahmedtourkey\downloads\arm_stm32f401\tools\arm gcc\lib\gcc\arm-none-eabi\5.4.1\include\stddef.h:406:0: note: this is the location of the previous definition
 #define NULL ((void *)0)
 ^
Finished building: ../src/main.c
 
Building target: Trial.elf
Invoking: GNU Arm Cross C++ Linker
arm-none-eabi-g++ -mcpu=cortex-m4 -mthumb -mfloat-abi=soft -Og -fmessage-length=0 -fsigned-char -ffunction-sections -fdata-sections -ffreestanding -fno-move-loop-invariants -Wall -Wextra -g3 -T mem.ld -T libs.ld -T sections.ld -nostartfiles -Xlinker --gc-sections -L"../ldscripts" -Wl,-Map,"Trial.map" --specs=nano.specs -o "Trial.elf" ./system/src/newlib/assert.o ./system/src/newlib/cxx.o ./system/src/newlib/exit.o ./system/src/newlib/sbrk.o ./system/src/newlib/startup.o ./system/src/newlib/syscalls.o  ./system/src/diag/trace-impl.o ./system/src/diag/trace.o  ./system/src/cortexm/exception-handlers.o ./system/src/cortexm/initialize-hardware.o ./system/src/cortexm/reset-hardware.o  ./system/src/cmsis/system_stm32f4xx.o ./system/src/cmsis/vectors_stm32f401xc.o  ./src/MCAL/RCC/RCC.o  ./src/main.o   
Finished building target: Trial.elf
 
Invoking: GNU Arm Cross Create Flash Image
arm-none-eabi-objcopy -O ihex "Trial.elf"  "Trial.hex"
Finished building: Trial.hex
 
Invoking: GNU Arm Cross Print Size
arm-none-eabi-size --format=berkeley "Trial.elf"
   text	   data	    bss	    dec	    hex	filename
   4539	    164	    412	   5115	   13fb	Trial.elf
Finished building: Trial.siz
 
00:16:23 **** Incremental Build of configuration Debug for project Trial ****
make all 
Building file: ../src/main.c
Invoking: GNU Arm Cross C Compiler
arm-none-eabi-gcc -mcpu=cortex-m4 -mthumb -mfloat-abi=soft -Og -fmessage-length=0 -fsigned-char -ffunction-sections -fdata-sections -ffreestanding -fno-move-loop-invariants -Wall -Wextra -g3 -DDEBUG -DUSE_FULL_ASSERT -DTRACE -DOS_USE_TRACE_SEMIHOSTING_DEBUG -DSTM32F401xC -DUSE_HAL_DRIVER -DHSE_VALUE=25000000 -I"../include" -I"../system/include" -I"../system/include/cmsis" -I"../system/include/stm32f4-hal" -std=gnu11 -MMD -MP -MF"src/main.d" -MT"src/main.o" -c -o "src/main.o" "../src/main.c"
Finished building: ../src/main.c
 
Building target: Trial.elf
Invoking: GNU Arm Cross C++ Linker
arm-none-eabi-g++ -mcpu=cortex-m4 -mthumb -mfloat-abi=soft -Og -fmessage-length=0 -fsigned-char -ffunction-sections -fdata-sections -ffreestanding -fno-move-loop-invariants -Wall -Wextra -g3 -T mem.ld -T libs.ld -T sections.ld -nostartfiles -Xlinker --gc-sections -L"../ldscripts" -Wl,-Map,"Trial.map" --specs=nano.specs -o "Trial.elf" ./system/src/newlib/assert.o ./system/src/newlib/cxx.o ./system/src/newlib/exit.o ./system/src/newlib/sbrk.o ./system/src/newlib/startup.o ./system/src/newlib/syscalls.o  ./system/src/diag/trace-impl.o ./system/src/diag/trace.o  ./system/src/cortexm/exception-handlers.o ./system/src/cortexm/initialize-hardware.o ./system/src/cortexm/reset-hardware.o  ./system/src/cmsis/system_stm32f4xx.o ./system/src/cmsis/vectors_stm32f401xc.o  ./src/MCAL/RCC/RCC.o  ./src/main.o   
Finished building target: Trial.elf
 
Invoking: GNU Arm Cross Create Flash Image
arm-none-eabi-objcopy -O ihex "Trial.elf"  "Trial.hex"
Finished building: Trial.hex
 
Invoking: GNU Arm Cross Print Size
arm-none-eabi-size --format=berkeley "Trial.elf"
   text	   data	    bss	    dec	    hex	filename
   4539	    164	    412	   5115	   13fb	Trial.elf
Finished building: Trial.siz
 
00:23:50 **** Incremental Build of configuration Debug for project Trial ****
make all 
Invoking: GNU Arm Cross Print Size
arm-none-eabi-size --format=berkeley "Trial.elf"
   text	   data	    bss	    dec	    hex	filename
   4539	    164	    412	   5115	   13fb	Trial.elf
Finished building: Trial.siz
 
00:26:03 **** Incremental Build of configuration Debug for project Trial ****
make all 
Invoking: GNU Arm Cross Print Size
arm-none-eabi-size --format=berkeley "Trial.elf"
   text	   data	    bss	    dec	    hex	filename
   4539	    164	    412	   5115	   13fb	Trial.elf
Finished building: Trial.siz
 
00:32:00 **** Incremental Build of configuration Debug for project Trial ****
make all 
Invoking: GNU Arm Cross Print Size
arm-none-eabi-size --format=berkeley "Trial.elf"
   text	   data	    bss	    dec	    hex	filename
   4539	    164	    412	   5115	   13fb	Trial.elf
Finished building: Trial.siz
 
00:35:17 **** Incremental Build of configuration Debug for project Trial ****
make all 
Invoking: GNU Arm Cross Print Size
arm-none-eabi-size --format=berkeley "Trial.elf"
   text	   data	    bss	    dec	    hex	filename
   4539	    164	    412	   5115	   13fb	Trial.elf
Finished building: Trial.siz
 
00:36:31 **** Incremental Build of configuration Debug for project Trial ****
make all 
Invoking: GNU Arm Cross Print Size
arm-none-eabi-size --format=berkeley "Trial.elf"
   text	   data	    bss	    dec	    hex	filename
   4539	    164	    412	   5115	   13fb	Trial.elf
Finished building: Trial.siz
 
00:38:33 **** Incremental Build of configuration Debug for project Trial ****
make all 
Invoking: GNU Arm Cross Print Size
arm-none-eabi-size --format=berkeley "Trial.elf"
   text	   data	    bss	    dec	    hex	filename
   4539	    164	    412	   5115	   13fb	Trial.elf
Finished building: Trial.siz
 
00:40:09 **** Incremental Build of configuration Debug for project Trial ****
make all 
Building file: ../src/MCAL/RCC/RCC.c
Invoking: GNU Arm Cross C Compiler
arm-none-eabi-gcc -mcpu=cortex-m4 -mthumb -mfloat-abi=soft -Og -fmessage-length=0 -fsigned-char -ffunction-sections -fdata-sections -ffreestanding -fno-move-loop-invariants -Wall -Wextra -g3 -DDEBUG -DUSE_FULL_ASSERT -DTRACE -DOS_USE_TRACE_SEMIHOSTING_DEBUG -DSTM32F401xC -DUSE_HAL_DRIVER -DHSE_VALUE=25000000 -I"../include" -I"../system/include" -I"../system/include/cmsis" -I"../system/include/stm32f4-hal" -std=gnu11 -MMD -MP -MF"src/MCAL/RCC/RCC.d" -MT"src/MCAL/RCC/RCC.o" -c -o "src/MCAL/RCC/RCC.o" "../src/MCAL/RCC/RCC.c"
In file included from ../src/MCAL/RCC/RCC.c:8:0:
../src/MCAL/RCC/RCC.h:14:24: warning: initialization makes pointer from integer without a cast [-Wint-conversion]
 #define RCC_BASEADD    0x40023800
                        ^
../src/MCAL/RCC/RCC.c:10:25: note: in expansion of macro 'RCC_BASEADD'
 Registers_t *RCC_Regs = RCC_BASEADD;
                         ^
Finished building: ../src/MCAL/RCC/RCC.c
 
Building target: Trial.elf
Invoking: GNU Arm Cross C++ Linker
arm-none-eabi-g++ -mcpu=cortex-m4 -mthumb -mfloat-abi=soft -Og -fmessage-length=0 -fsigned-char -ffunction-sections -fdata-sections -ffreestanding -fno-move-loop-invariants -Wall -Wextra -g3 -T mem.ld -T libs.ld -T sections.ld -nostartfiles -Xlinker --gc-sections -L"../ldscripts" -Wl,-Map,"Trial.map" --specs=nano.specs -o "Trial.elf" ./system/src/newlib/assert.o ./system/src/newlib/cxx.o ./system/src/newlib/exit.o ./system/src/newlib/sbrk.o ./system/src/newlib/startup.o ./system/src/newlib/syscalls.o  ./system/src/diag/trace-impl.o ./system/src/diag/trace.o  ./system/src/cortexm/exception-handlers.o ./system/src/cortexm/initialize-hardware.o ./system/src/cortexm/reset-hardware.o  ./system/src/cmsis/system_stm32f4xx.o ./system/src/cmsis/vectors_stm32f401xc.o  ./src/MCAL/RCC/RCC.o  ./src/main.o   
Finished building target: Trial.elf
 
Invoking: GNU Arm Cross Create Flash Image
arm-none-eabi-objcopy -O ihex "Trial.elf"  "Trial.hex"
Finished building: Trial.hex
 
Invoking: GNU Arm Cross Print Size
arm-none-eabi-size --format=berkeley "Trial.elf"
   text	   data	    bss	    dec	    hex	filename
   4539	    164	    412	   5115	   13fb	Trial.elf
Finished building: Trial.siz
 
00:43:05 **** Incremental Build of configuration Debug for project Trial ****
make all 
Invoking: GNU Arm Cross Print Size
arm-none-eabi-size --format=berkeley "Trial.elf"
   text	   data	    bss	    dec	    hex	filename
   4539	    164	    412	   5115	   13fb	Trial.elf
Finished building: Trial.siz
 
00:49:19 **** Incremental Build of configuration Debug for project Trial ****
make all 
Invoking: GNU Arm Cross Print Size
arm-none-eabi-size --format=berkeley "Trial.elf"
   text	   data	    bss	    dec	    hex	filename
   4539	    164	    412	   5115	   13fb	Trial.elf
Finished building: Trial.siz
 
00:49:30 **** Incremental Build of configuration Debug for project Trial ****
make all 
Invoking: GNU Arm Cross Print Size
arm-none-eabi-size --format=berkeley "Trial.elf"
   text	   data	    bss	    dec	    hex	filename
   4539	    164	    412	   5115	   13fb	Trial.elf
Finished building: Trial.siz
 
00:52:36 **** Incremental Build of configuration Debug for project Trial ****
make all 
Invoking: GNU Arm Cross Print Size
arm-none-eabi-size --format=berkeley "Trial.elf"
   text	   data	    bss	    dec	    hex	filename
   4539	    164	    412	   5115	   13fb	Trial.elf
Finished building: Trial.siz
 
00:55:28 **** Incremental Build of configuration Debug for project Trial ****
make all 
Building file: ../src/main.c
Invoking: GNU Arm Cross C Compiler
arm-none-eabi-gcc -mcpu=cortex-m4 -mthumb -mfloat-abi=soft -Og -fmessage-length=0 -fsigned-char -ffunction-sections -fdata-sections -ffreestanding -fno-move-loop-invariants -Wall -Wextra -g3 -DDEBUG -DUSE_FULL_ASSERT -DTRACE -DOS_USE_TRACE_SEMIHOSTING_DEBUG -DSTM32F401xC -DUSE_HAL_DRIVER -DHSE_VALUE=25000000 -I"../include" -I"../system/include" -I"../system/include/cmsis" -I"../system/include/stm32f4-hal" -std=gnu11 -MMD -MP -MF"src/main.d" -MT"src/main.o" -c -o "src/main.o" "../src/main.c"
Finished building: ../src/main.c
 
Building target: Trial.elf
Invoking: GNU Arm Cross C++ Linker
arm-none-eabi-g++ -mcpu=cortex-m4 -mthumb -mfloat-abi=soft -Og -fmessage-length=0 -fsigned-char -ffunction-sections -fdata-sections -ffreestanding -fno-move-loop-invariants -Wall -Wextra -g3 -T mem.ld -T libs.ld -T sections.ld -nostartfiles -Xlinker --gc-sections -L"../ldscripts" -Wl,-Map,"Trial.map" --specs=nano.specs -o "Trial.elf" ./system/src/newlib/assert.o ./system/src/newlib/cxx.o ./system/src/newlib/exit.o ./system/src/newlib/sbrk.o ./system/src/newlib/startup.o ./system/src/newlib/syscalls.o  ./system/src/diag/trace-impl.o ./system/src/diag/trace.o  ./system/src/cortexm/exception-handlers.o ./system/src/cortexm/initialize-hardware.o ./system/src/cortexm/reset-hardware.o  ./system/src/cmsis/system_stm32f4xx.o ./system/src/cmsis/vectors_stm32f401xc.o  ./src/MCAL/RCC/RCC.o  ./src/main.o   
Finished building target: Trial.elf
 
Invoking: GNU Arm Cross Create Flash Image
arm-none-eabi-objcopy -O ihex "Trial.elf"  "Trial.hex"
Finished building: Trial.hex
 
Invoking: GNU Arm Cross Print Size
arm-none-eabi-size --format=berkeley "Trial.elf"
   text	   data	    bss	    dec	    hex	filename
   4635	    164	    412	   5211	   145b	Trial.elf
Finished building: Trial.siz
 
00:55:54 **** Incremental Build of configuration Debug for project Trial ****
make all 
Invoking: GNU Arm Cross Print Size
arm-none-eabi-size --format=berkeley "Trial.elf"
   text	   data	    bss	    dec	    hex	filename
   4635	    164	    412	   5211	   145b	Trial.elf
Finished building: Trial.siz
 
00:56:00 **** Incremental Build of configuration Debug for project Trial ****
make all 
Invoking: GNU Arm Cross Print Size
arm-none-eabi-size --format=berkeley "Trial.elf"
   text	   data	    bss	    dec	    hex	filename
   4635	    164	    412	   5211	   145b	Trial.elf
Finished building: Trial.siz
 
00:58:39 **** Incremental Build of configuration Debug for project Trial ****
make all 
Building file: ../src/MCAL/RCC/RCC.c
Invoking: GNU Arm Cross C Compiler
arm-none-eabi-gcc -mcpu=cortex-m4 -mthumb -mfloat-abi=soft -Og -fmessage-length=0 -fsigned-char -ffunction-sections -fdata-sections -ffreestanding -fno-move-loop-invariants -Wall -Wextra -g3 -DDEBUG -DUSE_FULL_ASSERT -DTRACE -DOS_USE_TRACE_SEMIHOSTING_DEBUG -DSTM32F401xC -DUSE_HAL_DRIVER -DHSE_VALUE=25000000 -I"../include" -I"../system/include" -I"../system/include/cmsis" -I"../system/include/stm32f4-hal" -std=gnu11 -MMD -MP -MF"src/MCAL/RCC/RCC.d" -MT"src/MCAL/RCC/RCC.o" -c -o "src/MCAL/RCC/RCC.o" "../src/MCAL/RCC/RCC.c"
In file included from ../src/MCAL/RCC/RCC.c:8:0:
../src/MCAL/RCC/RCC.h:14:24: warning: initialization makes pointer from integer without a cast [-Wint-conversion]
 #define RCC_BASEADD    0x40023800
                        ^
../src/MCAL/RCC/RCC.c:10:25: note: in expansion of macro 'RCC_BASEADD'
 Registers_t *RCC_Regs = RCC_BASEADD;
                         ^
Finished building: ../src/MCAL/RCC/RCC.c
 
Building target: Trial.elf
Invoking: GNU Arm Cross C++ Linker
arm-none-eabi-g++ -mcpu=cortex-m4 -mthumb -mfloat-abi=soft -Og -fmessage-length=0 -fsigned-char -ffunction-sections -fdata-sections -ffreestanding -fno-move-loop-invariants -Wall -Wextra -g3 -T mem.ld -T libs.ld -T sections.ld -nostartfiles -Xlinker --gc-sections -L"../ldscripts" -Wl,-Map,"Trial.map" --specs=nano.specs -o "Trial.elf" ./system/src/newlib/assert.o ./system/src/newlib/cxx.o ./system/src/newlib/exit.o ./system/src/newlib/sbrk.o ./system/src/newlib/startup.o ./system/src/newlib/syscalls.o  ./system/src/diag/trace-impl.o ./system/src/diag/trace.o  ./system/src/cortexm/exception-handlers.o ./system/src/cortexm/initialize-hardware.o ./system/src/cortexm/reset-hardware.o  ./system/src/cmsis/system_stm32f4xx.o ./system/src/cmsis/vectors_stm32f401xc.o  ./src/MCAL/RCC/RCC.o  ./src/main.o   
Finished building target: Trial.elf
 
Invoking: GNU Arm Cross Create Flash Image
arm-none-eabi-objcopy -O ihex "Trial.elf"  "Trial.hex"
Finished building: Trial.hex
 
Invoking: GNU Arm Cross Print Size
arm-none-eabi-size --format=berkeley "Trial.elf"
   text	   data	    bss	    dec	    hex	filename
   4587	    164	    412	   5163	   142b	Trial.elf
Finished building: Trial.siz
 
00:59:56 **** Incremental Build of configuration Debug for project Trial ****
make all 
Building file: ../src/MCAL/RCC/RCC.c
Invoking: GNU Arm Cross C Compiler
arm-none-eabi-gcc -mcpu=cortex-m4 -mthumb -mfloat-abi=soft -Og -fmessage-length=0 -fsigned-char -ffunction-sections -fdata-sections -ffreestanding -fno-move-loop-invariants -Wall -Wextra -g3 -DDEBUG -DUSE_FULL_ASSERT -DTRACE -DOS_USE_TRACE_SEMIHOSTING_DEBUG -DSTM32F401xC -DUSE_HAL_DRIVER -DHSE_VALUE=25000000 -I"../include" -I"../system/include" -I"../system/include/cmsis" -I"../system/include/stm32f4-hal" -std=gnu11 -MMD -MP -MF"src/MCAL/RCC/RCC.d" -MT"src/MCAL/RCC/RCC.o" -c -o "src/MCAL/RCC/RCC.o" "../src/MCAL/RCC/RCC.c"
In file included from ../src/MCAL/RCC/RCC.c:8:0:
../src/MCAL/RCC/RCC.h:14:24: warning: initialization makes pointer from integer without a cast [-Wint-conversion]
 #define RCC_BASEADD    (u32)0x40023800
                        ^
../src/MCAL/RCC/RCC.c:10:25: note: in expansion of macro 'RCC_BASEADD'
 Registers_t *RCC_Regs = RCC_BASEADD;
                         ^
Finished building: ../src/MCAL/RCC/RCC.c
 
Building file: ../src/main.c
Invoking: GNU Arm Cross C Compiler
arm-none-eabi-gcc -mcpu=cortex-m4 -mthumb -mfloat-abi=soft -Og -fmessage-length=0 -fsigned-char -ffunction-sections -fdata-sections -ffreestanding -fno-move-loop-invariants -Wall -Wextra -g3 -DDEBUG -DUSE_FULL_ASSERT -DTRACE -DOS_USE_TRACE_SEMIHOSTING_DEBUG -DSTM32F401xC -DUSE_HAL_DRIVER -DHSE_VALUE=25000000 -I"../include" -I"../system/include" -I"../system/include/cmsis" -I"../system/include/stm32f4-hal" -std=gnu11 -MMD -MP -MF"src/main.d" -MT"src/main.o" -c -o "src/main.o" "../src/main.c"
Finished building: ../src/main.c
 
Building target: Trial.elf
Invoking: GNU Arm Cross C++ Linker
arm-none-eabi-g++ -mcpu=cortex-m4 -mthumb -mfloat-abi=soft -Og -fmessage-length=0 -fsigned-char -ffunction-sections -fdata-sections -ffreestanding -fno-move-loop-invariants -Wall -Wextra -g3 -T mem.ld -T libs.ld -T sections.ld -nostartfiles -Xlinker --gc-sections -L"../ldscripts" -Wl,-Map,"Trial.map" --specs=nano.specs -o "Trial.elf" ./system/src/newlib/assert.o ./system/src/newlib/cxx.o ./system/src/newlib/exit.o ./system/src/newlib/sbrk.o ./system/src/newlib/startup.o ./system/src/newlib/syscalls.o  ./system/src/diag/trace-impl.o ./system/src/diag/trace.o  ./system/src/cortexm/exception-handlers.o ./system/src/cortexm/initialize-hardware.o ./system/src/cortexm/reset-hardware.o  ./system/src/cmsis/system_stm32f4xx.o ./system/src/cmsis/vectors_stm32f401xc.o  ./src/MCAL/RCC/RCC.o  ./src/main.o   
Finished building target: Trial.elf
 
Invoking: GNU Arm Cross Create Flash Image
arm-none-eabi-objcopy -O ihex "Trial.elf"  "Trial.hex"
Finished building: Trial.hex
 
Invoking: GNU Arm Cross Print Size
arm-none-eabi-size --format=berkeley "Trial.elf"
   text	   data	    bss	    dec	    hex	filename
   4587	    164	    412	   5163	   142b	Trial.elf
Finished building: Trial.siz
 
01:00:29 **** Incremental Build of configuration Debug for project Trial ****
make all 
Invoking: GNU Arm Cross Print Size
arm-none-eabi-size --format=berkeley "Trial.elf"
   text	   data	    bss	    dec	    hex	filename
   4587	    164	    412	   5163	   142b	Trial.elf
Finished building: Trial.siz
 
01:02:37 **** Incremental Build of configuration Debug for project Trial ****
make all 
Building file: ../src/main.c
Invoking: GNU Arm Cross C Compiler
arm-none-eabi-gcc -mcpu=cortex-m4 -mthumb -mfloat-abi=soft -Og -fmessage-length=0 -fsigned-char -ffunction-sections -fdata-sections -ffreestanding -fno-move-loop-invariants -Wall -Wextra -g3 -DDEBUG -DUSE_FULL_ASSERT -DTRACE -DOS_USE_TRACE_SEMIHOSTING_DEBUG -DSTM32F401xC -DUSE_HAL_DRIVER -DHSE_VALUE=25000000 -I"../include" -I"../system/include" -I"../system/include/cmsis" -I"../system/include/stm32f4-hal" -std=gnu11 -MMD -MP -MF"src/main.d" -MT"src/main.o" -c -o "src/main.o" "../src/main.c"
Finished building: ../src/main.c
 
Building target: Trial.elf
Invoking: GNU Arm Cross C++ Linker
arm-none-eabi-g++ -mcpu=cortex-m4 -mthumb -mfloat-abi=soft -Og -fmessage-length=0 -fsigned-char -ffunction-sections -fdata-sections -ffreestanding -fno-move-loop-invariants -Wall -Wextra -g3 -T mem.ld -T libs.ld -T sections.ld -nostartfiles -Xlinker --gc-sections -L"../ldscripts" -Wl,-Map,"Trial.map" --specs=nano.specs -o "Trial.elf" ./system/src/newlib/assert.o ./system/src/newlib/cxx.o ./system/src/newlib/exit.o ./system/src/newlib/sbrk.o ./system/src/newlib/startup.o ./system/src/newlib/syscalls.o  ./system/src/diag/trace-impl.o ./system/src/diag/trace.o  ./system/src/cortexm/exception-handlers.o ./system/src/cortexm/initialize-hardware.o ./system/src/cortexm/reset-hardware.o  ./system/src/cmsis/system_stm32f4xx.o ./system/src/cmsis/vectors_stm32f401xc.o  ./src/MCAL/RCC/RCC.o  ./src/main.o   
Finished building target: Trial.elf
 
Invoking: GNU Arm Cross Create Flash Image
arm-none-eabi-objcopy -O ihex "Trial.elf"  "Trial.hex"
Finished building: Trial.hex
 
Invoking: GNU Arm Cross Print Size
arm-none-eabi-size --format=berkeley "Trial.elf"
   text	   data	    bss	    dec	    hex	filename
   4667	    164	    412	   5243	   147b	Trial.elf
Finished building: Trial.siz
 
01:02:55 **** Incremental Build of configuration Debug for project Trial ****
make all 
Invoking: GNU Arm Cross Print Size
arm-none-eabi-size --format=berkeley "Trial.elf"
   text	   data	    bss	    dec	    hex	filename
   4667	    164	    412	   5243	   147b	Trial.elf
Finished building: Trial.siz
 
01:04:42 **** Incremental Build of configuration Debug for project Trial ****
make all 
Building file: ../src/main.c
Invoking: GNU Arm Cross C Compiler
arm-none-eabi-gcc -mcpu=cortex-m4 -mthumb -mfloat-abi=soft -Og -fmessage-length=0 -fsigned-char -ffunction-sections -fdata-sections -ffreestanding -fno-move-loop-invariants -Wall -Wextra -g3 -DDEBUG -DUSE_FULL_ASSERT -DTRACE -DOS_USE_TRACE_SEMIHOSTING_DEBUG -DSTM32F401xC -DUSE_HAL_DRIVER -DHSE_VALUE=25000000 -I"../include" -I"../system/include" -I"../system/include/cmsis" -I"../system/include/stm32f4-hal" -std=gnu11 -MMD -MP -MF"src/main.d" -MT"src/main.o" -c -o "src/main.o" "../src/main.c"
Finished building: ../src/main.c
 
Building target: Trial.elf
Invoking: GNU Arm Cross C++ Linker
arm-none-eabi-g++ -mcpu=cortex-m4 -mthumb -mfloat-abi=soft -Og -fmessage-length=0 -fsigned-char -ffunction-sections -fdata-sections -ffreestanding -fno-move-loop-invariants -Wall -Wextra -g3 -T mem.ld -T libs.ld -T sections.ld -nostartfiles -Xlinker --gc-sections -L"../ldscripts" -Wl,-Map,"Trial.map" --specs=nano.specs -o "Trial.elf" ./system/src/newlib/assert.o ./system/src/newlib/cxx.o ./system/src/newlib/exit.o ./system/src/newlib/sbrk.o ./system/src/newlib/startup.o ./system/src/newlib/syscalls.o  ./system/src/diag/trace-impl.o ./system/src/diag/trace.o  ./system/src/cortexm/exception-handlers.o ./system/src/cortexm/initialize-hardware.o ./system/src/cortexm/reset-hardware.o  ./system/src/cmsis/system_stm32f4xx.o ./system/src/cmsis/vectors_stm32f401xc.o  ./src/MCAL/RCC/RCC.o  ./src/main.o   
Finished building target: Trial.elf
 
Invoking: GNU Arm Cross Create Flash Image
arm-none-eabi-objcopy -O ihex "Trial.elf"  "Trial.hex"
Finished building: Trial.hex
 
Invoking: GNU Arm Cross Print Size
arm-none-eabi-size --format=berkeley "Trial.elf"
   text	   data	    bss	    dec	    hex	filename
   4587	    164	    412	   5163	   142b	Trial.elf
Finished building: Trial.siz
 
01:04:57 **** Incremental Build of configuration Debug for project Trial ****
make all 
Invoking: GNU Arm Cross Print Size
arm-none-eabi-size --format=berkeley "Trial.elf"
   text	   data	    bss	    dec	    hex	filename
   4587	    164	    412	   5163	   142b	Trial.elf
Finished building: Trial.siz
 
01:07:03 **** Incremental Build of configuration Debug for project Trial ****
make all 
Building file: ../src/MCAL/RCC/RCC.c
Invoking: GNU Arm Cross C Compiler
arm-none-eabi-gcc -mcpu=cortex-m4 -mthumb -mfloat-abi=soft -Og -fmessage-length=0 -fsigned-char -ffunction-sections -fdata-sections -ffreestanding -fno-move-loop-invariants -Wall -Wextra -g3 -DDEBUG -DUSE_FULL_ASSERT -DTRACE -DOS_USE_TRACE_SEMIHOSTING_DEBUG -DSTM32F401xC -DUSE_HAL_DRIVER -DHSE_VALUE=25000000 -I"../include" -I"../system/include" -I"../system/include/cmsis" -I"../system/include/stm32f4-hal" -std=gnu11 -MMD -MP -MF"src/MCAL/RCC/RCC.d" -MT"src/MCAL/RCC/RCC.o" -c -o "src/MCAL/RCC/RCC.o" "../src/MCAL/RCC/RCC.c"
In file included from ../src/MCAL/RCC/RCC.c:8:0:
../src/MCAL/RCC/RCC.h:14:24: warning: initialization makes pointer from integer without a cast [-Wint-conversion]
 #define RCC_BASEADD    (u32)0x40023800
                        ^
../src/MCAL/RCC/RCC.c:10:25: note: in expansion of macro 'RCC_BASEADD'
 Registers_t *RCC_Regs = RCC_BASEADD;
                         ^
Finished building: ../src/MCAL/RCC/RCC.c
 
Building target: Trial.elf
Invoking: GNU Arm Cross C++ Linker
arm-none-eabi-g++ -mcpu=cortex-m4 -mthumb -mfloat-abi=soft -Og -fmessage-length=0 -fsigned-char -ffunction-sections -fdata-sections -ffreestanding -fno-move-loop-invariants -Wall -Wextra -g3 -T mem.ld -T libs.ld -T sections.ld -nostartfiles -Xlinker --gc-sections -L"../ldscripts" -Wl,-Map,"Trial.map" --specs=nano.specs -o "Trial.elf" ./system/src/newlib/assert.o ./system/src/newlib/cxx.o ./system/src/newlib/exit.o ./system/src/newlib/sbrk.o ./system/src/newlib/startup.o ./system/src/newlib/syscalls.o  ./system/src/diag/trace-impl.o ./system/src/diag/trace.o  ./system/src/cortexm/exception-handlers.o ./system/src/cortexm/initialize-hardware.o ./system/src/cortexm/reset-hardware.o  ./system/src/cmsis/system_stm32f4xx.o ./system/src/cmsis/vectors_stm32f401xc.o  ./src/MCAL/RCC/RCC.o  ./src/main.o   
Finished building target: Trial.elf
 
Invoking: GNU Arm Cross Create Flash Image
arm-none-eabi-objcopy -O ihex "Trial.elf"  "Trial.hex"
Finished building: Trial.hex
 
Invoking: GNU Arm Cross Print Size
arm-none-eabi-size --format=berkeley "Trial.elf"
   text	   data	    bss	    dec	    hex	filename
   4587	    164	    412	   5163	   142b	Trial.elf
Finished building: Trial.siz
 
01:07:19 **** Incremental Build of configuration Debug for project Trial ****
make all 
Invoking: GNU Arm Cross Print Size
arm-none-eabi-size --format=berkeley "Trial.elf"
   text	   data	    bss	    dec	    hex	filename
   4587	    164	    412	   5163	   142b	Trial.elf
Finished building: Trial.siz
 
01:07:52 **** Incremental Build of configuration Debug for project Trial ****
make all 
Building file: ../src/main.c
Invoking: GNU Arm Cross C Compiler
arm-none-eabi-gcc -mcpu=cortex-m4 -mthumb -mfloat-abi=soft -Og -fmessage-length=0 -fsigned-char -ffunction-sections -fdata-sections -ffreestanding -fno-move-loop-invariants -Wall -Wextra -g3 -DDEBUG -DUSE_FULL_ASSERT -DTRACE -DOS_USE_TRACE_SEMIHOSTING_DEBUG -DSTM32F401xC -DUSE_HAL_DRIVER -DHSE_VALUE=25000000 -I"../include" -I"../system/include" -I"../system/include/cmsis" -I"../system/include/stm32f4-hal" -std=gnu11 -MMD -MP -MF"src/main.d" -MT"src/main.o" -c -o "src/main.o" "../src/main.c"
Finished building: ../src/main.c
 
Building target: Trial.elf
Invoking: GNU Arm Cross C++ Linker
arm-none-eabi-g++ -mcpu=cortex-m4 -mthumb -mfloat-abi=soft -Og -fmessage-length=0 -fsigned-char -ffunction-sections -fdata-sections -ffreestanding -fno-move-loop-invariants -Wall -Wextra -g3 -T mem.ld -T libs.ld -T sections.ld -nostartfiles -Xlinker --gc-sections -L"../ldscripts" -Wl,-Map,"Trial.map" --specs=nano.specs -o "Trial.elf" ./system/src/newlib/assert.o ./system/src/newlib/cxx.o ./system/src/newlib/exit.o ./system/src/newlib/sbrk.o ./system/src/newlib/startup.o ./system/src/newlib/syscalls.o  ./system/src/diag/trace-impl.o ./system/src/diag/trace.o  ./system/src/cortexm/exception-handlers.o ./system/src/cortexm/initialize-hardware.o ./system/src/cortexm/reset-hardware.o  ./system/src/cmsis/system_stm32f4xx.o ./system/src/cmsis/vectors_stm32f401xc.o  ./src/MCAL/RCC/RCC.o  ./src/main.o   
Finished building target: Trial.elf
 
Invoking: GNU Arm Cross Create Flash Image
arm-none-eabi-objcopy -O ihex "Trial.elf"  "Trial.hex"
Finished building: Trial.hex
 
Invoking: GNU Arm Cross Print Size
arm-none-eabi-size --format=berkeley "Trial.elf"
   text	   data	    bss	    dec	    hex	filename
   4587	    164	    412	   5163	   142b	Trial.elf
Finished building: Trial.siz
 
01:07:59 **** Incremental Build of configuration Debug for project Trial ****
make all 
Invoking: GNU Arm Cross Print Size
arm-none-eabi-size --format=berkeley "Trial.elf"
   text	   data	    bss	    dec	    hex	filename
   4587	    164	    412	   5163	   142b	Trial.elf
Finished building: Trial.siz
 
02:43:13 **** Incremental Build of configuration Debug for project Trial ****
make all 
Building file: ../src/MCAL/RCC/RCC.c
Invoking: GNU Arm Cross C Compiler
arm-none-eabi-gcc -mcpu=cortex-m4 -mthumb -mfloat-abi=soft -Og -fmessage-length=0 -fsigned-char -ffunction-sections -fdata-sections -ffreestanding -fno-move-loop-invariants -Wall -Wextra -g3 -DDEBUG -DUSE_FULL_ASSERT -DTRACE -DOS_USE_TRACE_SEMIHOSTING_DEBUG -DSTM32F401xC -DUSE_HAL_DRIVER -DHSE_VALUE=25000000 -I"../include" -I"../system/include" -I"../system/include/cmsis" -I"../system/include/stm32f4-hal" -std=gnu11 -MMD -MP -MF"src/MCAL/RCC/RCC.d" -MT"src/MCAL/RCC/RCC.o" -c -o "src/MCAL/RCC/RCC.o" "../src/MCAL/RCC/RCC.c"
In file included from ../src/MCAL/RCC/RCC.c:8:0:
../src/MCAL/RCC/RCC.h:14:24: warning: initialization makes pointer from integer without a cast [-Wint-conversion]
 #define RCC_BASEADD    0x40023800
                        ^
../src/MCAL/RCC/RCC.c:10:25: note: in expansion of macro 'RCC_BASEADD'
 Registers_t *RCC_Regs = RCC_BASEADD;
                         ^
Finished building: ../src/MCAL/RCC/RCC.c
 
Building file: ../src/main.c
Invoking: GNU Arm Cross C Compiler
arm-none-eabi-gcc -mcpu=cortex-m4 -mthumb -mfloat-abi=soft -Og -fmessage-length=0 -fsigned-char -ffunction-sections -fdata-sections -ffreestanding -fno-move-loop-invariants -Wall -Wextra -g3 -DDEBUG -DUSE_FULL_ASSERT -DTRACE -DOS_USE_TRACE_SEMIHOSTING_DEBUG -DSTM32F401xC -DUSE_HAL_DRIVER -DHSE_VALUE=25000000 -I"../include" -I"../system/include" -I"../system/include/cmsis" -I"../system/include/stm32f4-hal" -std=gnu11 -MMD -MP -MF"src/main.d" -MT"src/main.o" -c -o "src/main.o" "../src/main.c"
Finished building: ../src/main.c
 
Building target: Trial.elf
Invoking: GNU Arm Cross C++ Linker
arm-none-eabi-g++ -mcpu=cortex-m4 -mthumb -mfloat-abi=soft -Og -fmessage-length=0 -fsigned-char -ffunction-sections -fdata-sections -ffreestanding -fno-move-loop-invariants -Wall -Wextra -g3 -T mem.ld -T libs.ld -T sections.ld -nostartfiles -Xlinker --gc-sections -L"../ldscripts" -Wl,-Map,"Trial.map" --specs=nano.specs -o "Trial.elf" ./system/src/newlib/assert.o ./system/src/newlib/cxx.o ./system/src/newlib/exit.o ./system/src/newlib/sbrk.o ./system/src/newlib/startup.o ./system/src/newlib/syscalls.o  ./system/src/diag/trace-impl.o ./system/src/diag/trace.o  ./system/src/cortexm/exception-handlers.o ./system/src/cortexm/initialize-hardware.o ./system/src/cortexm/reset-hardware.o  ./system/src/cmsis/system_stm32f4xx.o ./system/src/cmsis/vectors_stm32f401xc.o  ./src/MCAL/RCC/RCC.o  ./src/main.o   
Finished building target: Trial.elf
 
Invoking: GNU Arm Cross Create Flash Image
arm-none-eabi-objcopy -O ihex "Trial.elf"  "Trial.hex"
Finished building: Trial.hex
 
Invoking: GNU Arm Cross Print Size
arm-none-eabi-size --format=berkeley "Trial.elf"
   text	   data	    bss	    dec	    hex	filename
   4587	    164	    412	   5163	   142b	Trial.elf
Finished building: Trial.siz
 
03:47:00 **** Incremental Build of configuration Debug for project Trial ****
make all 
Building file: ../src/MCAL/RCC/RCC.c
Invoking: GNU Arm Cross C Compiler
arm-none-eabi-gcc -mcpu=cortex-m4 -mthumb -mfloat-abi=soft -Og -fmessage-length=0 -fsigned-char -ffunction-sections -fdata-sections -ffreestanding -fno-move-loop-invariants -Wall -Wextra -g3 -DDEBUG -DUSE_FULL_ASSERT -DTRACE -DOS_USE_TRACE_SEMIHOSTING_DEBUG -DSTM32F401xC -DUSE_HAL_DRIVER -DHSE_VALUE=25000000 -I"../include" -I"../system/include" -I"../system/include/cmsis" -I"../system/include/stm32f4-hal" -std=gnu11 -MMD -MP -MF"src/MCAL/RCC/RCC.d" -MT"src/MCAL/RCC/RCC.o" -c -o "src/MCAL/RCC/RCC.o" "../src/MCAL/RCC/RCC.c"
In file included from ../src/MCAL/RCC/RCC.c:8:0:
../src/MCAL/RCC/RCC.h:14:24: warning: initialization makes pointer from integer without a cast [-Wint-conversion]
 #define RCC_BASEADD    0x40023800
                        ^
../src/MCAL/RCC/RCC.c:10:25: note: in expansion of macro 'RCC_BASEADD'
 Registers_t *RCC_Regs = RCC_BASEADD;
                         ^
Finished building: ../src/MCAL/RCC/RCC.c
 
Building file: ../src/main.c
Invoking: GNU Arm Cross C Compiler
arm-none-eabi-gcc -mcpu=cortex-m4 -mthumb -mfloat-abi=soft -Og -fmessage-length=0 -fsigned-char -ffunction-sections -fdata-sections -ffreestanding -fno-move-loop-invariants -Wall -Wextra -g3 -DDEBUG -DUSE_FULL_ASSERT -DTRACE -DOS_USE_TRACE_SEMIHOSTING_DEBUG -DSTM32F401xC -DUSE_HAL_DRIVER -DHSE_VALUE=25000000 -I"../include" -I"../system/include" -I"../system/include/cmsis" -I"../system/include/stm32f4-hal" -std=gnu11 -MMD -MP -MF"src/main.d" -MT"src/main.o" -c -o "src/main.o" "../src/main.c"
Finished building: ../src/main.c
 
Building target: Trial.elf
Invoking: GNU Arm Cross C++ Linker
arm-none-eabi-g++ -mcpu=cortex-m4 -mthumb -mfloat-abi=soft -Og -fmessage-length=0 -fsigned-char -ffunction-sections -fdata-sections -ffreestanding -fno-move-loop-invariants -Wall -Wextra -g3 -T mem.ld -T libs.ld -T sections.ld -nostartfiles -Xlinker --gc-sections -L"../ldscripts" -Wl,-Map,"Trial.map" --specs=nano.specs -o "Trial.elf" ./system/src/newlib/assert.o ./system/src/newlib/cxx.o ./system/src/newlib/exit.o ./system/src/newlib/sbrk.o ./system/src/newlib/startup.o ./system/src/newlib/syscalls.o  ./system/src/diag/trace-impl.o ./system/src/diag/trace.o  ./system/src/cortexm/exception-handlers.o ./system/src/cortexm/initialize-hardware.o ./system/src/cortexm/reset-hardware.o  ./system/src/cmsis/system_stm32f4xx.o ./system/src/cmsis/vectors_stm32f401xc.o  ./src/MCAL/RCC/RCC.o  ./src/main.o   
Finished building target: Trial.elf
 
Invoking: GNU Arm Cross Create Flash Image
arm-none-eabi-objcopy -O ihex "Trial.elf"  "Trial.hex"
Finished building: Trial.hex
 
Invoking: GNU Arm Cross Print Size
arm-none-eabi-size --format=berkeley "Trial.elf"
   text	   data	    bss	    dec	    hex	filename
   4587	    164	    412	   5163	   142b	Trial.elf
Finished building: Trial.siz
 
04:31:26 **** Incremental Build of configuration Debug for project Trial ****
make all 
Building file: ../src/MCAL/RCC/RCC.c
Invoking: GNU Arm Cross C Compiler
arm-none-eabi-gcc -mcpu=cortex-m4 -mthumb -mfloat-abi=soft -Og -fmessage-length=0 -fsigned-char -ffunction-sections -fdata-sections -ffreestanding -fno-move-loop-invariants -Wall -Wextra -g3 -DDEBUG -DUSE_FULL_ASSERT -DTRACE -DOS_USE_TRACE_SEMIHOSTING_DEBUG -DSTM32F401xC -DUSE_HAL_DRIVER -DHSE_VALUE=25000000 -I"../include" -I"../system/include" -I"../system/include/cmsis" -I"../system/include/stm32f4-hal" -std=gnu11 -MMD -MP -MF"src/MCAL/RCC/RCC.d" -MT"src/MCAL/RCC/RCC.o" -c -o "src/MCAL/RCC/RCC.o" "../src/MCAL/RCC/RCC.c"
In file included from ../src/MCAL/RCC/RCC.c:8:0:
../src/MCAL/RCC/RCC.h:14:24: warning: initialization makes pointer from integer without a cast [-Wint-conversion]
 #define RCC_BASEADD    0x40023800
                        ^
../src/MCAL/RCC/RCC.c:10:25: note: in expansion of macro 'RCC_BASEADD'
 Registers_t *RCC_Regs = RCC_BASEADD;
                         ^
../src/MCAL/RCC/RCC.c: In function 'RCC_ConfigPLL':
../src/MCAL/RCC/RCC.c:225:36: warning: 'Fusb' may be used uninitialized in this function [-Wmaybe-uninitialized]
  if (ErrorStatus==Ok && Fpll <= 84 && Fusb == 48)
                                    ^
../src/MCAL/RCC/RCC.c:225:22: warning: 'Fpll' may be used uninitialized in this function [-Wmaybe-uninitialized]
  if (ErrorStatus==Ok && Fpll <= 84 && Fusb == 48)
                      ^
Finished building: ../src/MCAL/RCC/RCC.c
 
Building file: ../src/main.c
Invoking: GNU Arm Cross C Compiler
arm-none-eabi-gcc -mcpu=cortex-m4 -mthumb -mfloat-abi=soft -Og -fmessage-length=0 -fsigned-char -ffunction-sections -fdata-sections -ffreestanding -fno-move-loop-invariants -Wall -Wextra -g3 -DDEBUG -DUSE_FULL_ASSERT -DTRACE -DOS_USE_TRACE_SEMIHOSTING_DEBUG -DSTM32F401xC -DUSE_HAL_DRIVER -DHSE_VALUE=25000000 -I"../include" -I"../system/include" -I"../system/include/cmsis" -I"../system/include/stm32f4-hal" -std=gnu11 -MMD -MP -MF"src/main.d" -MT"src/main.o" -c -o "src/main.o" "../src/main.c"
Finished building: ../src/main.c
 
Building target: Trial.elf
Invoking: GNU Arm Cross C++ Linker
arm-none-eabi-g++ -mcpu=cortex-m4 -mthumb -mfloat-abi=soft -Og -fmessage-length=0 -fsigned-char -ffunction-sections -fdata-sections -ffreestanding -fno-move-loop-invariants -Wall -Wextra -g3 -T mem.ld -T libs.ld -T sections.ld -nostartfiles -Xlinker --gc-sections -L"../ldscripts" -Wl,-Map,"Trial.map" --specs=nano.specs -o "Trial.elf" ./system/src/newlib/assert.o ./system/src/newlib/cxx.o ./system/src/newlib/exit.o ./system/src/newlib/sbrk.o ./system/src/newlib/startup.o ./system/src/newlib/syscalls.o  ./system/src/diag/trace-impl.o ./system/src/diag/trace.o  ./system/src/cortexm/exception-handlers.o ./system/src/cortexm/initialize-hardware.o ./system/src/cortexm/reset-hardware.o  ./system/src/cmsis/system_stm32f4xx.o ./system/src/cmsis/vectors_stm32f401xc.o  ./src/MCAL/RCC/RCC.o  ./src/main.o   
Finished building target: Trial.elf
 
Invoking: GNU Arm Cross Create Flash Image
arm-none-eabi-objcopy -O ihex "Trial.elf"  "Trial.hex"
Finished building: Trial.hex
 
Invoking: GNU Arm Cross Print Size
arm-none-eabi-size --format=berkeley "Trial.elf"
   text	   data	    bss	    dec	    hex	filename
   4587	    164	    412	   5163	   142b	Trial.elf
Finished building: Trial.siz
 
01:18:05 **** Incremental Build of configuration Debug for project Trial ****
make all 
Building file: ../src/MCAL/RCC/RCC.c
Invoking: GNU Arm Cross C Compiler
arm-none-eabi-gcc -mcpu=cortex-m4 -mthumb -mfloat-abi=soft -Og -fmessage-length=0 -fsigned-char -ffunction-sections -fdata-sections -ffreestanding -fno-move-loop-invariants -Wall -Wextra -g3 -DDEBUG -DUSE_FULL_ASSERT -DTRACE -DOS_USE_TRACE_SEMIHOSTING_DEBUG -DSTM32F401xC -DUSE_HAL_DRIVER -DHSE_VALUE=25000000 -I"../include" -I"../system/include" -I"../system/include/cmsis" -I"../system/include/stm32f4-hal" -std=gnu11 -MMD -MP -MF"src/MCAL/RCC/RCC.d" -MT"src/MCAL/RCC/RCC.o" -c -o "src/MCAL/RCC/RCC.o" "../src/MCAL/RCC/RCC.c"
../src/MCAL/RCC/RCC.c: In function 'RCC_ConfigPLL':
../src/MCAL/RCC/RCC.c:235:36: warning: 'Fusb' may be used uninitialized in this function [-Wmaybe-uninitialized]
  if (ErrorStatus==Ok && Fpll <= 84 && Fusb == 48)
                                    ^
../src/MCAL/RCC/RCC.c:235:22: warning: 'Fpll' may be used uninitialized in this function [-Wmaybe-uninitialized]
  if (ErrorStatus==Ok && Fpll <= 84 && Fusb == 48)
                      ^
Finished building: ../src/MCAL/RCC/RCC.c
 
Building file: ../src/MCAL/GPIO/GPIO.c
Invoking: GNU Arm Cross C Compiler
arm-none-eabi-gcc -mcpu=cortex-m4 -mthumb -mfloat-abi=soft -Og -fmessage-length=0 -fsigned-char -ffunction-sections -fdata-sections -ffreestanding -fno-move-loop-invariants -Wall -Wextra -g3 -DDEBUG -DUSE_FULL_ASSERT -DTRACE -DOS_USE_TRACE_SEMIHOSTING_DEBUG -DSTM32F401xC -DUSE_HAL_DRIVER -DHSE_VALUE=25000000 -I"../include" -I"../system/include" -I"../system/include/cmsis" -I"../system/include/stm32f4-hal" -std=gnu11 -MMD -MP -MF"src/MCAL/GPIO/GPIO.d" -MT"src/MCAL/GPIO/GPIO.o" -c -o "src/MCAL/GPIO/GPIO.o" "../src/MCAL/GPIO/GPIO.c"
Finished building: ../src/MCAL/GPIO/GPIO.c
 
Building file: ../src/main.c
Invoking: GNU Arm Cross C Compiler
arm-none-eabi-gcc -mcpu=cortex-m4 -mthumb -mfloat-abi=soft -Og -fmessage-length=0 -fsigned-char -ffunction-sections -fdata-sections -ffreestanding -fno-move-loop-invariants -Wall -Wextra -g3 -DDEBUG -DUSE_FULL_ASSERT -DTRACE -DOS_USE_TRACE_SEMIHOSTING_DEBUG -DSTM32F401xC -DUSE_HAL_DRIVER -DHSE_VALUE=25000000 -I"../include" -I"../system/include" -I"../system/include/cmsis" -I"../system/include/stm32f4-hal" -std=gnu11 -MMD -MP -MF"src/main.d" -MT"src/main.o" -c -o "src/main.o" "../src/main.c"
Finished building: ../src/main.c
 
Building target: Trial.elf
Invoking: GNU Arm Cross C++ Linker
arm-none-eabi-g++ -mcpu=cortex-m4 -mthumb -mfloat-abi=soft -Og -fmessage-length=0 -fsigned-char -ffunction-sections -fdata-sections -ffreestanding -fno-move-loop-invariants -Wall -Wextra -g3 -T mem.ld -T libs.ld -T sections.ld -nostartfiles -Xlinker --gc-sections -L"../ldscripts" -Wl,-Map,"Trial.map" --specs=nano.specs -o "Trial.elf" ./system/src/newlib/assert.o ./system/src/newlib/cxx.o ./system/src/newlib/exit.o ./system/src/newlib/sbrk.o ./system/src/newlib/startup.o ./system/src/newlib/syscalls.o  ./system/src/diag/trace-impl.o ./system/src/diag/trace.o  ./system/src/cortexm/exception-handlers.o ./system/src/cortexm/initialize-hardware.o ./system/src/cortexm/reset-hardware.o  ./system/src/cmsis/system_stm32f4xx.o ./system/src/cmsis/vectors_stm32f401xc.o  ./src/MCAL/RCC/RCC.o  ./src/MCAL/GPIO/GPIO.o  ./src/main.o   
Finished building target: Trial.elf
 
Invoking: GNU Arm Cross Create Flash Image
arm-none-eabi-objcopy -O ihex "Trial.elf"  "Trial.hex"
Finished building: Trial.hex
 
Invoking: GNU Arm Cross Print Size
arm-none-eabi-size --format=berkeley "Trial.elf"
   text	   data	    bss	    dec	    hex	filename
   4587	    164	    412	   5163	   142b	Trial.elf
Finished building: Trial.siz
 
01:34:23 **** Incremental Build of configuration Debug for project Trial ****
make all 
Building file: ../src/MCAL/RCC/RCC.c
Invoking: GNU Arm Cross C Compiler
arm-none-eabi-gcc -mcpu=cortex-m4 -mthumb -mfloat-abi=soft -Og -fmessage-length=0 -fsigned-char -ffunction-sections -fdata-sections -ffreestanding -fno-move-loop-invariants -Wall -Wextra -g3 -DDEBUG -DUSE_FULL_ASSERT -DTRACE -DOS_USE_TRACE_SEMIHOSTING_DEBUG -DSTM32F401xC -DUSE_HAL_DRIVER -DHSE_VALUE=25000000 -I"../include" -I"../system/include" -I"../system/include/cmsis" -I"../system/include/stm32f4-hal" -std=gnu11 -MMD -MP -MF"src/MCAL/RCC/RCC.d" -MT"src/MCAL/RCC/RCC.o" -c -o "src/MCAL/RCC/RCC.o" "../src/MCAL/RCC/RCC.c"
Finished building: ../src/MCAL/RCC/RCC.c
 
Building target: Trial.elf
Invoking: GNU Arm Cross C++ Linker
arm-none-eabi-g++ -mcpu=cortex-m4 -mthumb -mfloat-abi=soft -Og -fmessage-length=0 -fsigned-char -ffunction-sections -fdata-sections -ffreestanding -fno-move-loop-invariants -Wall -Wextra -g3 -T mem.ld -T libs.ld -T sections.ld -nostartfiles -Xlinker --gc-sections -L"../ldscripts" -Wl,-Map,"Trial.map" --specs=nano.specs -o "Trial.elf" ./system/src/newlib/assert.o ./system/src/newlib/cxx.o ./system/src/newlib/exit.o ./system/src/newlib/sbrk.o ./system/src/newlib/startup.o ./system/src/newlib/syscalls.o  ./system/src/diag/trace-impl.o ./system/src/diag/trace.o  ./system/src/cortexm/exception-handlers.o ./system/src/cortexm/initialize-hardware.o ./system/src/cortexm/reset-hardware.o  ./system/src/cmsis/system_stm32f4xx.o ./system/src/cmsis/vectors_stm32f401xc.o  ./src/MCAL/RCC/RCC.o  ./src/MCAL/GPIO/GPIO.o  ./src/main.o   
Finished building target: Trial.elf
 
Invoking: GNU Arm Cross Create Flash Image
arm-none-eabi-objcopy -O ihex "Trial.elf"  "Trial.hex"
Finished building: Trial.hex
 
Invoking: GNU Arm Cross Print Size
arm-none-eabi-size --format=berkeley "Trial.elf"
   text	   data	    bss	    dec	    hex	filename
   4587	    164	    412	   5163	   142b	Trial.elf
Finished building: Trial.siz
 
02:11:59 **** Incremental Build of configuration Debug for project Trial ****
make all 
Building file: ../src/MCAL/GPIO/GPIO.c
Invoking: GNU Arm Cross C Compiler
arm-none-eabi-gcc -mcpu=cortex-m4 -mthumb -mfloat-abi=soft -Og -fmessage-length=0 -fsigned-char -ffunction-sections -fdata-sections -ffreestanding -fno-move-loop-invariants -Wall -Wextra -g3 -DDEBUG -DUSE_FULL_ASSERT -DTRACE -DOS_USE_TRACE_SEMIHOSTING_DEBUG -DSTM32F401xC -DUSE_HAL_DRIVER -DHSE_VALUE=25000000 -I"../include" -I"../system/include" -I"../system/include/cmsis" -I"../system/include/stm32f4-hal" -std=gnu11 -MMD -MP -MF"src/MCAL/GPIO/GPIO.d" -MT"src/MCAL/GPIO/GPIO.o" -c -o "src/MCAL/GPIO/GPIO.o" "../src/MCAL/GPIO/GPIO.c"
In file included from ../src/MCAL/GPIO/GPIO.c:11:0:
../src/MCAL/GPIO/GPIO.h:28:5: error: unknown type name 'GPIO_Pins_t'
     GPIO_Pins_t Pin;
     ^
../src/MCAL/GPIO/GPIO.c:13:4: error: conflicting types for 'GPIO_InitPinConfig'
 u8 GPIO_InitPinConfig(GPIO_PinConfig_t *PinCfgr)
    ^
In file included from ../src/MCAL/GPIO/GPIO.c:11:0:
../src/MCAL/GPIO/GPIO.h:61:4: note: previous declaration of 'GPIO_InitPinConfig' was here
 u8 GPIO_InitPinConfig(void);
    ^
../src/MCAL/GPIO/GPIO.c: In function 'GPIO_InitPinConfig':
../src/MCAL/GPIO/GPIO.c:13:41: warning: unused parameter 'PinCfgr' [-Wunused-parameter]
 u8 GPIO_InitPinConfig(GPIO_PinConfig_t *PinCfgr)
                                         ^
make: *** [src/MCAL/GPIO/subdir.mk:20: src/MCAL/GPIO/GPIO.o] Error 1
"make all" terminated with exit code 2. Build might be incomplete.
02:12:28 **** Incremental Build of configuration Debug for project Trial ****
make all 
Building file: ../src/MCAL/GPIO/GPIO.c
Invoking: GNU Arm Cross C Compiler
arm-none-eabi-gcc -mcpu=cortex-m4 -mthumb -mfloat-abi=soft -Og -fmessage-length=0 -fsigned-char -ffunction-sections -fdata-sections -ffreestanding -fno-move-loop-invariants -Wall -Wextra -g3 -DDEBUG -DUSE_FULL_ASSERT -DTRACE -DOS_USE_TRACE_SEMIHOSTING_DEBUG -DSTM32F401xC -DUSE_HAL_DRIVER -DHSE_VALUE=25000000 -I"../include" -I"../system/include" -I"../system/include/cmsis" -I"../system/include/stm32f4-hal" -std=gnu11 -MMD -MP -MF"src/MCAL/GPIO/GPIO.d" -MT"src/MCAL/GPIO/GPIO.o" -c -o "src/MCAL/GPIO/GPIO.o" "../src/MCAL/GPIO/GPIO.c"
In file included from ../src/MCAL/GPIO/GPIO.c:11:0:
../src/MCAL/GPIO/GPIO.h:28:5: error: unknown type name 'GPIO_Pins_t'
     GPIO_Pins_t Pin;
     ^
../src/MCAL/GPIO/GPIO.c:13:4: error: conflicting types for 'GPIO_InitPinConfig'
 u8 GPIO_InitPinConfig(GPIO_PinConfig_t *PinCfgr)
    ^
In file included from ../src/MCAL/GPIO/GPIO.c:11:0:
../src/MCAL/GPIO/GPIO.h:61:4: note: previous declaration of 'GPIO_InitPinConfig' was here
 u8 GPIO_InitPinConfig(void);
    ^
../src/MCAL/GPIO/GPIO.c: In function 'GPIO_InitPinConfig':
../src/MCAL/GPIO/GPIO.c:13:41: warning: unused parameter 'PinCfgr' [-Wunused-parameter]
 u8 GPIO_InitPinConfig(GPIO_PinConfig_t *PinCfgr)
                                         ^
make: *** [src/MCAL/GPIO/subdir.mk:20: src/MCAL/GPIO/GPIO.o] Error 1
"make all" terminated with exit code 2. Build might be incomplete.
02:26:54 **** Incremental Build of configuration Debug for project Trial ****
make all 
Building file: ../src/MCAL/GPIO/GPIO.c
Invoking: GNU Arm Cross C Compiler
arm-none-eabi-gcc -mcpu=cortex-m4 -mthumb -mfloat-abi=soft -Og -fmessage-length=0 -fsigned-char -ffunction-sections -fdata-sections -ffreestanding -fno-move-loop-invariants -Wall -Wextra -g3 -DDEBUG -DUSE_FULL_ASSERT -DTRACE -DOS_USE_TRACE_SEMIHOSTING_DEBUG -DSTM32F401xC -DUSE_HAL_DRIVER -DHSE_VALUE=25000000 -I"../include" -I"../system/include" -I"../system/include/cmsis" -I"../system/include/stm32f4-hal" -std=gnu11 -MMD -MP -MF"src/MCAL/GPIO/GPIO.d" -MT"src/MCAL/GPIO/GPIO.o" -c -o "src/MCAL/GPIO/GPIO.o" "../src/MCAL/GPIO/GPIO.c"
In file included from ../src/MCAL/GPIO/GPIO.c:11:0:
../src/MCAL/GPIO/GPIO.h:28:5: error: unknown type name 'GPIO_Pins_t'
     GPIO_Pins_t Pin;
     ^
make: *** [src/MCAL/GPIO/subdir.mk:20: src/MCAL/GPIO/GPIO.o] Error 1
"make all" terminated with exit code 2. Build might be incomplete.
02:28:16 **** Incremental Build of configuration Debug for project Trial ****
make all 
Building file: ../src/MCAL/GPIO/GPIO.c
Invoking: GNU Arm Cross C Compiler
arm-none-eabi-gcc -mcpu=cortex-m4 -mthumb -mfloat-abi=soft -Og -fmessage-length=0 -fsigned-char -ffunction-sections -fdata-sections -ffreestanding -fno-move-loop-invariants -Wall -Wextra -g3 -DDEBUG -DUSE_FULL_ASSERT -DTRACE -DOS_USE_TRACE_SEMIHOSTING_DEBUG -DSTM32F401xC -DUSE_HAL_DRIVER -DHSE_VALUE=25000000 -I"../include" -I"../system/include" -I"../system/include/cmsis" -I"../system/include/stm32f4-hal" -std=gnu11 -MMD -MP -MF"src/MCAL/GPIO/GPIO.d" -MT"src/MCAL/GPIO/GPIO.o" -c -o "src/MCAL/GPIO/GPIO.o" "../src/MCAL/GPIO/GPIO.c"
In file included from ../src/MCAL/GPIO/GPIO.c:11:0:
../src/MCAL/GPIO/GPIO.h:28:5: error: unknown type name 'GPIO_Pins_t'
     GPIO_Pins_t Pin;
     ^
make: *** [src/MCAL/GPIO/subdir.mk:20: src/MCAL/GPIO/GPIO.o] Error 1
"make all" terminated with exit code 2. Build might be incomplete.
02:29:23 **** Incremental Build of configuration Debug for project Trial ****
make all 
Building file: ../src/MCAL/GPIO/GPIO.c
Invoking: GNU Arm Cross C Compiler
arm-none-eabi-gcc -mcpu=cortex-m4 -mthumb -mfloat-abi=soft -Og -fmessage-length=0 -fsigned-char -ffunction-sections -fdata-sections -ffreestanding -fno-move-loop-invariants -Wall -Wextra -g3 -DDEBUG -DUSE_FULL_ASSERT -DTRACE -DOS_USE_TRACE_SEMIHOSTING_DEBUG -DSTM32F401xC -DUSE_HAL_DRIVER -DHSE_VALUE=25000000 -I"../include" -I"../system/include" -I"../system/include/cmsis" -I"../system/include/stm32f4-hal" -std=gnu11 -MMD -MP -MF"src/MCAL/GPIO/GPIO.d" -MT"src/MCAL/GPIO/GPIO.o" -c -o "src/MCAL/GPIO/GPIO.o" "../src/MCAL/GPIO/GPIO.c"
../src/MCAL/GPIO/GPIO.c: In function 'GPIO_InitPinConfig':
../src/MCAL/GPIO/GPIO.c:20:18: warning: comparison is always false due to limited range of data type [-Wtype-limits]
  if(PinCfgr->Pin < GPIO_Pin0 || PinCfgr->Pin > GPIO_Pin15)
                  ^
Finished building: ../src/MCAL/GPIO/GPIO.c
 
Building target: Trial.elf
Invoking: GNU Arm Cross C++ Linker
arm-none-eabi-g++ -mcpu=cortex-m4 -mthumb -mfloat-abi=soft -Og -fmessage-length=0 -fsigned-char -ffunction-sections -fdata-sections -ffreestanding -fno-move-loop-invariants -Wall -Wextra -g3 -T mem.ld -T libs.ld -T sections.ld -nostartfiles -Xlinker --gc-sections -L"../ldscripts" -Wl,-Map,"Trial.map" --specs=nano.specs -o "Trial.elf" ./system/src/newlib/assert.o ./system/src/newlib/cxx.o ./system/src/newlib/exit.o ./system/src/newlib/sbrk.o ./system/src/newlib/startup.o ./system/src/newlib/syscalls.o  ./system/src/diag/trace-impl.o ./system/src/diag/trace.o  ./system/src/cortexm/exception-handlers.o ./system/src/cortexm/initialize-hardware.o ./system/src/cortexm/reset-hardware.o  ./system/src/cmsis/system_stm32f4xx.o ./system/src/cmsis/vectors_stm32f401xc.o  ./src/MCAL/RCC/RCC.o  ./src/MCAL/GPIO/GPIO.o  ./src/main.o   
Finished building target: Trial.elf
 
Invoking: GNU Arm Cross Create Flash Image
arm-none-eabi-objcopy -O ihex "Trial.elf"  "Trial.hex"
Finished building: Trial.hex
 
Invoking: GNU Arm Cross Print Size
arm-none-eabi-size --format=berkeley "Trial.elf"
   text	   data	    bss	    dec	    hex	filename
   4587	    164	    412	   5163	   142b	Trial.elf
Finished building: Trial.siz
 
02:47:20 **** Incremental Build of configuration Debug for project Trial ****
make all 
Building file: ../src/MCAL/GPIO/GPIO.c
Invoking: GNU Arm Cross C Compiler
arm-none-eabi-gcc -mcpu=cortex-m4 -mthumb -mfloat-abi=soft -Og -fmessage-length=0 -fsigned-char -ffunction-sections -fdata-sections -ffreestanding -fno-move-loop-invariants -Wall -Wextra -g3 -DDEBUG -DUSE_FULL_ASSERT -DTRACE -DOS_USE_TRACE_SEMIHOSTING_DEBUG -DSTM32F401xC -DUSE_HAL_DRIVER -DHSE_VALUE=25000000 -I"../include" -I"../system/include" -I"../system/include/cmsis" -I"../system/include/stm32f4-hal" -std=gnu11 -MMD -MP -MF"src/MCAL/GPIO/GPIO.d" -MT"src/MCAL/GPIO/GPIO.o" -c -o "src/MCAL/GPIO/GPIO.o" "../src/MCAL/GPIO/GPIO.c"
../src/MCAL/GPIO/GPIO.c: In function 'GPIO_InitPinConfig':
../src/MCAL/GPIO/GPIO.c:20:18: warning: comparison is always false due to limited range of data type [-Wtype-limits]
  if(PinCfgr->Pin < 0 || PinCfgr->Pin > 15)
                  ^
../src/MCAL/GPIO/GPIO.c:23:5: error: expected expression before ')' token
  if()
     ^
../src/MCAL/GPIO/GPIO.c:31:1: warning: control reaches end of non-void function [-Wreturn-type]
 }
 ^
make: *** [src/MCAL/GPIO/subdir.mk:20: src/MCAL/GPIO/GPIO.o] Error 1
"make all" terminated with exit code 2. Build might be incomplete.
02:47:38 **** Incremental Build of configuration Debug for project Trial ****
make all 
Building file: ../src/MCAL/GPIO/GPIO.c
Invoking: GNU Arm Cross C Compiler
arm-none-eabi-gcc -mcpu=cortex-m4 -mthumb -mfloat-abi=soft -Og -fmessage-length=0 -fsigned-char -ffunction-sections -fdata-sections -ffreestanding -fno-move-loop-invariants -Wall -Wextra -g3 -DDEBUG -DUSE_FULL_ASSERT -DTRACE -DOS_USE_TRACE_SEMIHOSTING_DEBUG -DSTM32F401xC -DUSE_HAL_DRIVER -DHSE_VALUE=25000000 -I"../include" -I"../system/include" -I"../system/include/cmsis" -I"../system/include/stm32f4-hal" -std=gnu11 -MMD -MP -MF"src/MCAL/GPIO/GPIO.d" -MT"src/MCAL/GPIO/GPIO.o" -c -o "src/MCAL/GPIO/GPIO.o" "../src/MCAL/GPIO/GPIO.c"
../src/MCAL/GPIO/GPIO.c: In function 'GPIO_InitPinConfig':
../src/MCAL/GPIO/GPIO.c:20:18: warning: comparison is always false due to limited range of data type [-Wtype-limits]
  if(PinCfgr->Pin < 0 || PinCfgr->Pin > 15)
                  ^
Finished building: ../src/MCAL/GPIO/GPIO.c
 
Building target: Trial.elf
Invoking: GNU Arm Cross C++ Linker
arm-none-eabi-g++ -mcpu=cortex-m4 -mthumb -mfloat-abi=soft -Og -fmessage-length=0 -fsigned-char -ffunction-sections -fdata-sections -ffreestanding -fno-move-loop-invariants -Wall -Wextra -g3 -T mem.ld -T libs.ld -T sections.ld -nostartfiles -Xlinker --gc-sections -L"../ldscripts" -Wl,-Map,"Trial.map" --specs=nano.specs -o "Trial.elf" ./system/src/newlib/assert.o ./system/src/newlib/cxx.o ./system/src/newlib/exit.o ./system/src/newlib/sbrk.o ./system/src/newlib/startup.o ./system/src/newlib/syscalls.o  ./system/src/diag/trace-impl.o ./system/src/diag/trace.o  ./system/src/cortexm/exception-handlers.o ./system/src/cortexm/initialize-hardware.o ./system/src/cortexm/reset-hardware.o  ./system/src/cmsis/system_stm32f4xx.o ./system/src/cmsis/vectors_stm32f401xc.o  ./src/MCAL/RCC/RCC.o  ./src/MCAL/GPIO/GPIO.o  ./src/main.o   
Finished building target: Trial.elf
 
Invoking: GNU Arm Cross Create Flash Image
arm-none-eabi-objcopy -O ihex "Trial.elf"  "Trial.hex"
Finished building: Trial.hex
 
Invoking: GNU Arm Cross Print Size
arm-none-eabi-size --format=berkeley "Trial.elf"
   text	   data	    bss	    dec	    hex	filename
   4587	    164	    412	   5163	   142b	Trial.elf
Finished building: Trial.siz
 
02:48:17 **** Incremental Build of configuration Debug for project Trial ****
make all 
Building file: ../src/MCAL/GPIO/GPIO.c
Invoking: GNU Arm Cross C Compiler
arm-none-eabi-gcc -mcpu=cortex-m4 -mthumb -mfloat-abi=soft -Og -fmessage-length=0 -fsigned-char -ffunction-sections -fdata-sections -ffreestanding -fno-move-loop-invariants -Wall -Wextra -g3 -DDEBUG -DUSE_FULL_ASSERT -DTRACE -DOS_USE_TRACE_SEMIHOSTING_DEBUG -DSTM32F401xC -DUSE_HAL_DRIVER -DHSE_VALUE=25000000 -I"../include" -I"../system/include" -I"../system/include/cmsis" -I"../system/include/stm32f4-hal" -std=gnu11 -MMD -MP -MF"src/MCAL/GPIO/GPIO.d" -MT"src/MCAL/GPIO/GPIO.o" -c -o "src/MCAL/GPIO/GPIO.o" "../src/MCAL/GPIO/GPIO.c"
../src/MCAL/GPIO/GPIO.c: In function 'GPIO_InitPinConfig':
../src/MCAL/GPIO/GPIO.c:20:18: warning: comparison is always false due to limited range of data type [-Wtype-limits]
  if(PinCfgr->Pin < 0 | PinCfgr->Pin > 15)
                  ^
../src/MCAL/GPIO/GPIO.c:20:18: warning: suggest parentheses around comparison in operand of '|' [-Wparentheses]
Finished building: ../src/MCAL/GPIO/GPIO.c
 
Building target: Trial.elf
Invoking: GNU Arm Cross C++ Linker
arm-none-eabi-g++ -mcpu=cortex-m4 -mthumb -mfloat-abi=soft -Og -fmessage-length=0 -fsigned-char -ffunction-sections -fdata-sections -ffreestanding -fno-move-loop-invariants -Wall -Wextra -g3 -T mem.ld -T libs.ld -T sections.ld -nostartfiles -Xlinker --gc-sections -L"../ldscripts" -Wl,-Map,"Trial.map" --specs=nano.specs -o "Trial.elf" ./system/src/newlib/assert.o ./system/src/newlib/cxx.o ./system/src/newlib/exit.o ./system/src/newlib/sbrk.o ./system/src/newlib/startup.o ./system/src/newlib/syscalls.o  ./system/src/diag/trace-impl.o ./system/src/diag/trace.o  ./system/src/cortexm/exception-handlers.o ./system/src/cortexm/initialize-hardware.o ./system/src/cortexm/reset-hardware.o  ./system/src/cmsis/system_stm32f4xx.o ./system/src/cmsis/vectors_stm32f401xc.o  ./src/MCAL/RCC/RCC.o  ./src/MCAL/GPIO/GPIO.o  ./src/main.o   
Finished building target: Trial.elf
 
Invoking: GNU Arm Cross Create Flash Image
arm-none-eabi-objcopy -O ihex "Trial.elf"  "Trial.hex"
Finished building: Trial.hex
 
Invoking: GNU Arm Cross Print Size
arm-none-eabi-size --format=berkeley "Trial.elf"
   text	   data	    bss	    dec	    hex	filename
   4587	    164	    412	   5163	   142b	Trial.elf
Finished building: Trial.siz
 
02:48:46 **** Incremental Build of configuration Debug for project Trial ****
make all 
Building file: ../src/MCAL/GPIO/GPIO.c
Invoking: GNU Arm Cross C Compiler
arm-none-eabi-gcc -mcpu=cortex-m4 -mthumb -mfloat-abi=soft -Og -fmessage-length=0 -fsigned-char -ffunction-sections -fdata-sections -ffreestanding -fno-move-loop-invariants -Wall -Wextra -g3 -DDEBUG -DUSE_FULL_ASSERT -DTRACE -DOS_USE_TRACE_SEMIHOSTING_DEBUG -DSTM32F401xC -DUSE_HAL_DRIVER -DHSE_VALUE=25000000 -I"../include" -I"../system/include" -I"../system/include/cmsis" -I"../system/include/stm32f4-hal" -std=gnu11 -MMD -MP -MF"src/MCAL/GPIO/GPIO.d" -MT"src/MCAL/GPIO/GPIO.o" -c -o "src/MCAL/GPIO/GPIO.o" "../src/MCAL/GPIO/GPIO.c"
../src/MCAL/GPIO/GPIO.c: In function 'GPIO_InitPinConfig':
../src/MCAL/GPIO/GPIO.c:20:19: warning: comparison is always false due to limited range of data type [-Wtype-limits]
  if (PinCfgr->Pin < 0 || PinCfgr->Pin > 15)
                   ^
Finished building: ../src/MCAL/GPIO/GPIO.c
 
Building target: Trial.elf
Invoking: GNU Arm Cross C++ Linker
arm-none-eabi-g++ -mcpu=cortex-m4 -mthumb -mfloat-abi=soft -Og -fmessage-length=0 -fsigned-char -ffunction-sections -fdata-sections -ffreestanding -fno-move-loop-invariants -Wall -Wextra -g3 -T mem.ld -T libs.ld -T sections.ld -nostartfiles -Xlinker --gc-sections -L"../ldscripts" -Wl,-Map,"Trial.map" --specs=nano.specs -o "Trial.elf" ./system/src/newlib/assert.o ./system/src/newlib/cxx.o ./system/src/newlib/exit.o ./system/src/newlib/sbrk.o ./system/src/newlib/startup.o ./system/src/newlib/syscalls.o  ./system/src/diag/trace-impl.o ./system/src/diag/trace.o  ./system/src/cortexm/exception-handlers.o ./system/src/cortexm/initialize-hardware.o ./system/src/cortexm/reset-hardware.o  ./system/src/cmsis/system_stm32f4xx.o ./system/src/cmsis/vectors_stm32f401xc.o  ./src/MCAL/RCC/RCC.o  ./src/MCAL/GPIO/GPIO.o  ./src/main.o   
Finished building target: Trial.elf
 
Invoking: GNU Arm Cross Create Flash Image
arm-none-eabi-objcopy -O ihex "Trial.elf"  "Trial.hex"
Finished building: Trial.hex
 
Invoking: GNU Arm Cross Print Size
arm-none-eabi-size --format=berkeley "Trial.elf"
   text	   data	    bss	    dec	    hex	filename
   4587	    164	    412	   5163	   142b	Trial.elf
Finished building: Trial.siz
 
02:49:21 **** Incremental Build of configuration Debug for project Trial ****
make all 
Building file: ../src/MCAL/GPIO/GPIO.c
Invoking: GNU Arm Cross C Compiler
[...]
Finished building target: STM32f401_Drivers.elf
 
Invoking: GNU Arm Cross Create Flash Image
arm-none-eabi-objcopy -O ihex "STM32f401_Drivers.elf"  "STM32f401_Drivers.hex"
Finished building: STM32f401_Drivers.hex
 
Invoking: GNU Arm Cross Print Size
arm-none-eabi-size --format=berkeley "STM32f401_Drivers.elf"
   text	   data	    bss	    dec	    hex	filename
   4939	    164	    412	   5515	   158b	STM32f401_Drivers.elf
Finished building: STM32f401_Drivers.siz
 
23:04:47 **** Incremental Build of configuration Debug for project STM32f401_Drivers ****
make all 
Invoking: GNU Arm Cross Print Size
arm-none-eabi-size --format=berkeley "STM32f401_Drivers.elf"
   text	   data	    bss	    dec	    hex	filename
   4939	    164	    412	   5515	   158b	STM32f401_Drivers.elf
Finished building: STM32f401_Drivers.siz
 
23:04:59 **** Incremental Build of configuration Debug for project STM32f401_Drivers ****
make all 
Invoking: GNU Arm Cross Print Size
arm-none-eabi-size --format=berkeley "STM32f401_Drivers.elf"
   text	   data	    bss	    dec	    hex	filename
   4939	    164	    412	   5515	   158b	STM32f401_Drivers.elf
Finished building: STM32f401_Drivers.siz
 
23:05:05 **** Incremental Build of configuration Debug for project STM32f401_Drivers ****
make all 
Invoking: GNU Arm Cross Print Size
arm-none-eabi-size --format=berkeley "STM32f401_Drivers.elf"
   text	   data	    bss	    dec	    hex	filename
   4939	    164	    412	   5515	   158b	STM32f401_Drivers.elf
Finished building: STM32f401_Drivers.siz
 
23:08:39 **** Incremental Build of configuration Debug for project STM32f401_Drivers ****
make all 
Invoking: GNU Arm Cross Print Size
arm-none-eabi-size --format=berkeley "STM32f401_Drivers.elf"
   text	   data	    bss	    dec	    hex	filename
   4939	    164	    412	   5515	   158b	STM32f401_Drivers.elf
Finished building: STM32f401_Drivers.siz
 
23:10:15 **** Incremental Build of configuration Debug for project STM32f401_Drivers ****
make all 
Invoking: GNU Arm Cross Print Size
arm-none-eabi-size --format=berkeley "STM32f401_Drivers.elf"
   text	   data	    bss	    dec	    hex	filename
   4939	    164	    412	   5515	   158b	STM32f401_Drivers.elf
Finished building: STM32f401_Drivers.siz
 
00:44:18 **** Incremental Build of configuration Debug for project STM32f401_Drivers ****
make all 
Building file: ../src/MCAL/GPIO.c
Invoking: GNU Arm Cross C Compiler
arm-none-eabi-gcc -mcpu=cortex-m4 -mthumb -mfloat-abi=soft -Og -fmessage-length=0 -fsigned-char -ffunction-sections -fdata-sections -ffreestanding -fno-move-loop-invariants -Wall -Wextra -g3 -DDEBUG -DUSE_FULL_ASSERT -DTRACE -DOS_USE_TRACE_SEMIHOSTING_DEBUG -DSTM32F401xC -DUSE_HAL_DRIVER -DHSE_VALUE=25000000 -I"../include" -I../include/LIB -I../include/MCAL -I../include/HAL -I"../system/include" -I"../system/include/cmsis" -I"../system/include/stm32f4-hal" -std=gnu11 -MMD -MP -MF"src/MCAL/GPIO.d" -MT"src/MCAL/GPIO.o" -c -o "src/MCAL/GPIO.o" "../src/MCAL/GPIO.c"
Finished building: ../src/MCAL/GPIO.c
 
Building file: ../src/MCAL/RCC.c
Invoking: GNU Arm Cross C Compiler
arm-none-eabi-gcc -mcpu=cortex-m4 -mthumb -mfloat-abi=soft -Og -fmessage-length=0 -fsigned-char -ffunction-sections -fdata-sections -ffreestanding -fno-move-loop-invariants -Wall -Wextra -g3 -DDEBUG -DUSE_FULL_ASSERT -DTRACE -DOS_USE_TRACE_SEMIHOSTING_DEBUG -DSTM32F401xC -DUSE_HAL_DRIVER -DHSE_VALUE=25000000 -I"../include" -I../include/LIB -I../include/MCAL -I../include/HAL -I"../system/include" -I"../system/include/cmsis" -I"../system/include/stm32f4-hal" -std=gnu11 -MMD -MP -MF"src/MCAL/RCC.d" -MT"src/MCAL/RCC.o" -c -o "src/MCAL/RCC.o" "../src/MCAL/RCC.c"
../src/MCAL/RCC.c: In function 'RCC_GetPLLSource':
../src/MCAL/RCC.c:174:20: error: 'RCC_Regs' undeclared (first use in this function)
  u32 Loc_CopyReg = RCC_Regs->RCC_PLLCFGR;
                    ^
../src/MCAL/RCC.c:174:20: note: each undeclared identifier is reported only once for each function it appears in
make: *** [src/MCAL/subdir.mk:23: src/MCAL/RCC.o] Error 1
"make all" terminated with exit code 2. Build might be incomplete.
00:45:07 **** Incremental Build of configuration Debug for project STM32f401_Drivers ****
make all 
Building file: ../src/MCAL/RCC.c
Invoking: GNU Arm Cross C Compiler
arm-none-eabi-gcc -mcpu=cortex-m4 -mthumb -mfloat-abi=soft -Og -fmessage-length=0 -fsigned-char -ffunction-sections -fdata-sections -ffreestanding -fno-move-loop-invariants -Wall -Wextra -g3 -DDEBUG -DUSE_FULL_ASSERT -DTRACE -DOS_USE_TRACE_SEMIHOSTING_DEBUG -DSTM32F401xC -DUSE_HAL_DRIVER -DHSE_VALUE=25000000 -I"../include" -I../include/LIB -I../include/MCAL -I../include/HAL -I"../system/include" -I"../system/include/cmsis" -I"../system/include/stm32f4-hal" -std=gnu11 -MMD -MP -MF"src/MCAL/RCC.d" -MT"src/MCAL/RCC.o" -c -o "src/MCAL/RCC.o" "../src/MCAL/RCC.c"
Finished building: ../src/MCAL/RCC.c
 
Building file: ../src/APP/GPIO_Test.c
Invoking: GNU Arm Cross C Compiler
arm-none-eabi-gcc -mcpu=cortex-m4 -mthumb -mfloat-abi=soft -Og -fmessage-length=0 -fsigned-char -ffunction-sections -fdata-sections -ffreestanding -fno-move-loop-invariants -Wall -Wextra -g3 -DDEBUG -DUSE_FULL_ASSERT -DTRACE -DOS_USE_TRACE_SEMIHOSTING_DEBUG -DSTM32F401xC -DUSE_HAL_DRIVER -DHSE_VALUE=25000000 -I"../include" -I../include/LIB -I../include/MCAL -I../include/HAL -I"../system/include" -I"../system/include/cmsis" -I"../system/include/stm32f4-hal" -std=gnu11 -MMD -MP -MF"src/APP/GPIO_Test.d" -MT"src/APP/GPIO_Test.o" -c -o "src/APP/GPIO_Test.o" "../src/APP/GPIO_Test.c"
Finished building: ../src/APP/GPIO_Test.c
 
Building file: ../src/APP/RCC_Test.c
Invoking: GNU Arm Cross C Compiler
arm-none-eabi-gcc -mcpu=cortex-m4 -mthumb -mfloat-abi=soft -Og -fmessage-length=0 -fsigned-char -ffunction-sections -fdata-sections -ffreestanding -fno-move-loop-invariants -Wall -Wextra -g3 -DDEBUG -DUSE_FULL_ASSERT -DTRACE -DOS_USE_TRACE_SEMIHOSTING_DEBUG -DSTM32F401xC -DUSE_HAL_DRIVER -DHSE_VALUE=25000000 -I"../include" -I../include/LIB -I../include/MCAL -I../include/HAL -I"../system/include" -I"../system/include/cmsis" -I"../system/include/stm32f4-hal" -std=gnu11 -MMD -MP -MF"src/APP/RCC_Test.d" -MT"src/APP/RCC_Test.o" -c -o "src/APP/RCC_Test.o" "../src/APP/RCC_Test.c"
../src/APP/RCC_Test.c: In function 'main':
../src/APP/RCC_Test.c:43:32: warning: passing argument 2 of 'RCC_CheckClkStatus' makes pointer from integer without a cast [-Wint-conversion]
  RCC_CheckClkStatus(Clock_HSI, x);
                                ^
In file included from ../src/APP/RCC_Test.c:8:0:
../include/MCAL/RCC.h:93:4: note: expected 'RCC_Status_t * {aka enum <anonymous> *}' but argument is of type 'unsigned char'
 u8 RCC_CheckClkStatus (RCC_Clock_t Clock, RCC_Status_t *ClockStatus);
    ^
../src/APP/RCC_Test.c:49:1: warning: control reaches end of non-void function [-Wreturn-type]
 }
 ^
Finished building: ../src/APP/RCC_Test.c
 
Building target: STM32f401_Drivers.elf
Invoking: GNU Arm Cross C++ Linker
arm-none-eabi-g++ -mcpu=cortex-m4 -mthumb -mfloat-abi=soft -Og -fmessage-length=0 -fsigned-char -ffunction-sections -fdata-sections -ffreestanding -fno-move-loop-invariants -Wall -Wextra -g3 -T mem.ld -T libs.ld -T sections.ld -nostartfiles -Xlinker --gc-sections -L"../ldscripts" -Wl,-Map,"STM32f401_Drivers.map" --specs=nano.specs -o "STM32f401_Drivers.elf" ./system/src/newlib/assert.o ./system/src/newlib/cxx.o ./system/src/newlib/exit.o ./system/src/newlib/sbrk.o ./system/src/newlib/startup.o ./system/src/newlib/syscalls.o  ./system/src/diag/trace-impl.o ./system/src/diag/trace.o  ./system/src/cortexm/exception-handlers.o ./system/src/cortexm/initialize-hardware.o ./system/src/cortexm/reset-hardware.o  ./system/src/cmsis/system_stm32f4xx.o ./system/src/cmsis/vectors_stm32f401xc.o  ./src/MCAL/GPIO.o ./src/MCAL/RCC.o  ./src/APP/GPIO_Test.o ./src/APP/RCC_Test.o   
Finished building target: STM32f401_Drivers.elf
 
Invoking: GNU Arm Cross Create Flash Image
arm-none-eabi-objcopy -O ihex "STM32f401_Drivers.elf"  "STM32f401_Drivers.hex"
Finished building: STM32f401_Drivers.hex
 
Invoking: GNU Arm Cross Print Size
arm-none-eabi-size --format=berkeley "STM32f401_Drivers.elf"
   text	   data	    bss	    dec	    hex	filename
   5867	    164	    412	   6443	   192b	STM32f401_Drivers.elf
Finished building: STM32f401_Drivers.siz
 
00:45:39 **** Incremental Build of configuration Debug for project STM32f401_Drivers ****
make all 
Building file: ../src/APP/RCC_Test.c
Invoking: GNU Arm Cross C Compiler
arm-none-eabi-gcc -mcpu=cortex-m4 -mthumb -mfloat-abi=soft -Og -fmessage-length=0 -fsigned-char -ffunction-sections -fdata-sections -ffreestanding -fno-move-loop-invariants -Wall -Wextra -g3 -DDEBUG -DUSE_FULL_ASSERT -DTRACE -DOS_USE_TRACE_SEMIHOSTING_DEBUG -DSTM32F401xC -DUSE_HAL_DRIVER -DHSE_VALUE=25000000 -I"../include" -I../include/LIB -I../include/MCAL -I../include/HAL -I"../system/include" -I"../system/include/cmsis" -I"../system/include/stm32f4-hal" -std=gnu11 -MMD -MP -MF"src/APP/RCC_Test.d" -MT"src/APP/RCC_Test.o" -c -o "src/APP/RCC_Test.o" "../src/APP/RCC_Test.c"
../src/APP/RCC_Test.c: In function 'main':
../src/APP/RCC_Test.c:49:1: warning: control reaches end of non-void function [-Wreturn-type]
 }
 ^
Finished building: ../src/APP/RCC_Test.c
 
Building target: STM32f401_Drivers.elf
Invoking: GNU Arm Cross C++ Linker
arm-none-eabi-g++ -mcpu=cortex-m4 -mthumb -mfloat-abi=soft -Og -fmessage-length=0 -fsigned-char -ffunction-sections -fdata-sections -ffreestanding -fno-move-loop-invariants -Wall -Wextra -g3 -T mem.ld -T libs.ld -T sections.ld -nostartfiles -Xlinker --gc-sections -L"../ldscripts" -Wl,-Map,"STM32f401_Drivers.map" --specs=nano.specs -o "STM32f401_Drivers.elf" ./system/src/newlib/assert.o ./system/src/newlib/cxx.o ./system/src/newlib/exit.o ./system/src/newlib/sbrk.o ./system/src/newlib/startup.o ./system/src/newlib/syscalls.o  ./system/src/diag/trace-impl.o ./system/src/diag/trace.o  ./system/src/cortexm/exception-handlers.o ./system/src/cortexm/initialize-hardware.o ./system/src/cortexm/reset-hardware.o  ./system/src/cmsis/system_stm32f4xx.o ./system/src/cmsis/vectors_stm32f401xc.o  ./src/MCAL/GPIO.o ./src/MCAL/RCC.o  ./src/APP/GPIO_Test.o ./src/APP/RCC_Test.o   
Finished building target: STM32f401_Drivers.elf
 
Invoking: GNU Arm Cross Create Flash Image
arm-none-eabi-objcopy -O ihex "STM32f401_Drivers.elf"  "STM32f401_Drivers.hex"
Finished building: STM32f401_Drivers.hex
 
Invoking: GNU Arm Cross Print Size
arm-none-eabi-size --format=berkeley "STM32f401_Drivers.elf"
   text	   data	    bss	    dec	    hex	filename
   5883	    164	    412	   6459	   193b	STM32f401_Drivers.elf
Finished building: STM32f401_Drivers.siz
 
00:48:44 **** Incremental Build of configuration Debug for project STM32f401_Drivers ****
make all 
Building file: ../src/APP/GPIO_Test.c
Invoking: GNU Arm Cross C Compiler
arm-none-eabi-gcc -mcpu=cortex-m4 -mthumb -mfloat-abi=soft -Og -fmessage-length=0 -fsigned-char -ffunction-sections -fdata-sections -ffreestanding -fno-move-loop-invariants -Wall -Wextra -g3 -DDEBUG -DUSE_FULL_ASSERT -DTRACE -DOS_USE_TRACE_SEMIHOSTING_DEBUG -DSTM32F401xC -DUSE_HAL_DRIVER -DHSE_VALUE=25000000 -I"../include" -I../include/LIB -I../include/MCAL -I../include/HAL -I"../system/include" -I"../system/include/cmsis" -I"../system/include/stm32f4-hal" -std=gnu11 -MMD -MP -MF"src/APP/GPIO_Test.d" -MT"src/APP/GPIO_Test.o" -c -o "src/APP/GPIO_Test.o" "../src/APP/GPIO_Test.c"
Finished building: ../src/APP/GPIO_Test.c
 
Building file: ../src/APP/RCC_Test.c
Invoking: GNU Arm Cross C Compiler
arm-none-eabi-gcc -mcpu=cortex-m4 -mthumb -mfloat-abi=soft -Og -fmessage-length=0 -fsigned-char -ffunction-sections -fdata-sections -ffreestanding -fno-move-loop-invariants -Wall -Wextra -g3 -DDEBUG -DUSE_FULL_ASSERT -DTRACE -DOS_USE_TRACE_SEMIHOSTING_DEBUG -DSTM32F401xC -DUSE_HAL_DRIVER -DHSE_VALUE=25000000 -I"../include" -I../include/LIB -I../include/MCAL -I../include/HAL -I"../system/include" -I"../system/include/cmsis" -I"../system/include/stm32f4-hal" -std=gnu11 -MMD -MP -MF"src/APP/RCC_Test.d" -MT"src/APP/RCC_Test.o" -c -o "src/APP/RCC_Test.o" "../src/APP/RCC_Test.c"
../src/APP/RCC_Test.c: In function 'main':
../src/APP/RCC_Test.c:56:1: warning: control reaches end of non-void function [-Wreturn-type]
 }
 ^
Finished building: ../src/APP/RCC_Test.c
 
Building target: STM32f401_Drivers.elf
Invoking: GNU Arm Cross C++ Linker
arm-none-eabi-g++ -mcpu=cortex-m4 -mthumb -mfloat-abi=soft -Og -fmessage-length=0 -fsigned-char -ffunction-sections -fdata-sections -ffreestanding -fno-move-loop-invariants -Wall -Wextra -g3 -T mem.ld -T libs.ld -T sections.ld -nostartfiles -Xlinker --gc-sections -L"../ldscripts" -Wl,-Map,"STM32f401_Drivers.map" --specs=nano.specs -o "STM32f401_Drivers.elf" ./system/src/newlib/assert.o ./system/src/newlib/cxx.o ./system/src/newlib/exit.o ./system/src/newlib/sbrk.o ./system/src/newlib/startup.o ./system/src/newlib/syscalls.o  ./system/src/diag/trace-impl.o ./system/src/diag/trace.o  ./system/src/cortexm/exception-handlers.o ./system/src/cortexm/initialize-hardware.o ./system/src/cortexm/reset-hardware.o  ./system/src/cmsis/system_stm32f4xx.o ./system/src/cmsis/vectors_stm32f401xc.o  ./src/MCAL/GPIO.o ./src/MCAL/RCC.o  ./src/APP/GPIO_Test.o ./src/APP/RCC_Test.o   
Finished building target: STM32f401_Drivers.elf
 
Invoking: GNU Arm Cross Create Flash Image
arm-none-eabi-objcopy -O ihex "STM32f401_Drivers.elf"  "STM32f401_Drivers.hex"
Finished building: STM32f401_Drivers.hex
 
Invoking: GNU Arm Cross Print Size
arm-none-eabi-size --format=berkeley "STM32f401_Drivers.elf"
   text	   data	    bss	    dec	    hex	filename
   5899	    164	    412	   6475	   194b	STM32f401_Drivers.elf
Finished building: STM32f401_Drivers.siz
 
00:54:56 **** Incremental Build of configuration Debug for project STM32f401_Drivers ****
make all 
Building file: ../src/APP/GPIO_Test.c
Invoking: GNU Arm Cross C Compiler
arm-none-eabi-gcc -mcpu=cortex-m4 -mthumb -mfloat-abi=soft -Og -fmessage-length=0 -fsigned-char -ffunction-sections -fdata-sections -ffreestanding -fno-move-loop-invariants -Wall -Wextra -g3 -DDEBUG -DUSE_FULL_ASSERT -DTRACE -DOS_USE_TRACE_SEMIHOSTING_DEBUG -DSTM32F401xC -DUSE_HAL_DRIVER -DHSE_VALUE=25000000 -I"../include" -I../include/LIB -I../include/MCAL -I../include/HAL -I"../system/include" -I"../system/include/cmsis" -I"../system/include/stm32f4-hal" -std=gnu11 -MMD -MP -MF"src/APP/GPIO_Test.d" -MT"src/APP/GPIO_Test.o" -c -o "src/APP/GPIO_Test.o" "../src/APP/GPIO_Test.c"
Finished building: ../src/APP/GPIO_Test.c
 
Building file: ../src/APP/RCC_Test.c
Invoking: GNU Arm Cross C Compiler
arm-none-eabi-gcc -mcpu=cortex-m4 -mthumb -mfloat-abi=soft -Og -fmessage-length=0 -fsigned-char -ffunction-sections -fdata-sections -ffreestanding -fno-move-loop-invariants -Wall -Wextra -g3 -DDEBUG -DUSE_FULL_ASSERT -DTRACE -DOS_USE_TRACE_SEMIHOSTING_DEBUG -DSTM32F401xC -DUSE_HAL_DRIVER -DHSE_VALUE=25000000 -I"../include" -I../include/LIB -I../include/MCAL -I../include/HAL -I"../system/include" -I"../system/include/cmsis" -I"../system/include/stm32f4-hal" -std=gnu11 -MMD -MP -MF"src/APP/RCC_Test.d" -MT"src/APP/RCC_Test.o" -c -o "src/APP/RCC_Test.o" "../src/APP/RCC_Test.c"
Finished building: ../src/APP/RCC_Test.c
 
Building target: STM32f401_Drivers.elf
Invoking: GNU Arm Cross C++ Linker
arm-none-eabi-g++ -mcpu=cortex-m4 -mthumb -mfloat-abi=soft -Og -fmessage-length=0 -fsigned-char -ffunction-sections -fdata-sections -ffreestanding -fno-move-loop-invariants -Wall -Wextra -g3 -T mem.ld -T libs.ld -T sections.ld -nostartfiles -Xlinker --gc-sections -L"../ldscripts" -Wl,-Map,"STM32f401_Drivers.map" --specs=nano.specs -o "STM32f401_Drivers.elf" ./system/src/newlib/assert.o ./system/src/newlib/cxx.o ./system/src/newlib/exit.o ./system/src/newlib/sbrk.o ./system/src/newlib/startup.o ./system/src/newlib/syscalls.o  ./system/src/diag/trace-impl.o ./system/src/diag/trace.o  ./system/src/cortexm/exception-handlers.o ./system/src/cortexm/initialize-hardware.o ./system/src/cortexm/reset-hardware.o  ./system/src/cmsis/system_stm32f4xx.o ./system/src/cmsis/vectors_stm32f401xc.o  ./src/MCAL/GPIO.o ./src/MCAL/RCC.o  ./src/APP/GPIO_Test.o ./src/APP/RCC_Test.o   
Finished building target: STM32f401_Drivers.elf
 
Invoking: GNU Arm Cross Create Flash Image
arm-none-eabi-objcopy -O ihex "STM32f401_Drivers.elf"  "STM32f401_Drivers.hex"
Finished building: STM32f401_Drivers.hex
 
Invoking: GNU Arm Cross Print Size
arm-none-eabi-size --format=berkeley "STM32f401_Drivers.elf"
   text	   data	    bss	    dec	    hex	filename
   5899	    164	    412	   6475	   194b	STM32f401_Drivers.elf
Finished building: STM32f401_Drivers.siz
 
01:04:57 **** Incremental Build of configuration Debug for project STM32f401_Drivers ****
make all 
Building file: ../src/APP/GPIO_Test.c
Invoking: GNU Arm Cross C Compiler
arm-none-eabi-gcc -mcpu=cortex-m4 -mthumb -mfloat-abi=soft -Og -fmessage-length=0 -fsigned-char -ffunction-sections -fdata-sections -ffreestanding -fno-move-loop-invariants -Wall -Wextra -g3 -DDEBUG -DUSE_FULL_ASSERT -DTRACE -DOS_USE_TRACE_SEMIHOSTING_DEBUG -DSTM32F401xC -DUSE_HAL_DRIVER -DHSE_VALUE=25000000 -I"../include" -I../include/LIB -I../include/MCAL -I../include/HAL -I"../system/include" -I"../system/include/cmsis" -I"../system/include/stm32f4-hal" -std=gnu11 -MMD -MP -MF"src/APP/GPIO_Test.d" -MT"src/APP/GPIO_Test.o" -c -o "src/APP/GPIO_Test.o" "../src/APP/GPIO_Test.c"
Finished building: ../src/APP/GPIO_Test.c
 
Building file: ../src/APP/RCC_Test.c
Invoking: GNU Arm Cross C Compiler
arm-none-eabi-gcc -mcpu=cortex-m4 -mthumb -mfloat-abi=soft -Og -fmessage-length=0 -fsigned-char -ffunction-sections -fdata-sections -ffreestanding -fno-move-loop-invariants -Wall -Wextra -g3 -DDEBUG -DUSE_FULL_ASSERT -DTRACE -DOS_USE_TRACE_SEMIHOSTING_DEBUG -DSTM32F401xC -DUSE_HAL_DRIVER -DHSE_VALUE=25000000 -I"../include" -I../include/LIB -I../include/MCAL -I../include/HAL -I"../system/include" -I"../system/include/cmsis" -I"../system/include/stm32f4-hal" -std=gnu11 -MMD -MP -MF"src/APP/RCC_Test.d" -MT"src/APP/RCC_Test.o" -c -o "src/APP/RCC_Test.o" "../src/APP/RCC_Test.c"
Finished building: ../src/APP/RCC_Test.c
 
Building target: STM32f401_Drivers.elf
Invoking: GNU Arm Cross C++ Linker
arm-none-eabi-g++ -mcpu=cortex-m4 -mthumb -mfloat-abi=soft -Og -fmessage-length=0 -fsigned-char -ffunction-sections -fdata-sections -ffreestanding -fno-move-loop-invariants -Wall -Wextra -g3 -T mem.ld -T libs.ld -T sections.ld -nostartfiles -Xlinker --gc-sections -L"../ldscripts" -Wl,-Map,"STM32f401_Drivers.map" --specs=nano.specs -o "STM32f401_Drivers.elf" ./system/src/newlib/assert.o ./system/src/newlib/cxx.o ./system/src/newlib/exit.o ./system/src/newlib/sbrk.o ./system/src/newlib/startup.o ./system/src/newlib/syscalls.o  ./system/src/diag/trace-impl.o ./system/src/diag/trace.o  ./system/src/cortexm/exception-handlers.o ./system/src/cortexm/initialize-hardware.o ./system/src/cortexm/reset-hardware.o  ./system/src/cmsis/system_stm32f4xx.o ./system/src/cmsis/vectors_stm32f401xc.o  ./src/MCAL/GPIO.o ./src/MCAL/RCC.o  ./src/APP/GPIO_Test.o ./src/APP/RCC_Test.o   
Finished building target: STM32f401_Drivers.elf
 
Invoking: GNU Arm Cross Create Flash Image
arm-none-eabi-objcopy -O ihex "STM32f401_Drivers.elf"  "STM32f401_Drivers.hex"
Finished building: STM32f401_Drivers.hex
 
Invoking: GNU Arm Cross Print Size
arm-none-eabi-size --format=berkeley "STM32f401_Drivers.elf"
   text	   data	    bss	    dec	    hex	filename
   5883	    164	    412	   6459	   193b	STM32f401_Drivers.elf
Finished building: STM32f401_Drivers.siz
 
01:05:32 **** Incremental Build of configuration Debug for project STM32f401_Drivers ****
make all 
Invoking: GNU Arm Cross Print Size
arm-none-eabi-size --format=berkeley "STM32f401_Drivers.elf"
   text	   data	    bss	    dec	    hex	filename
   5883	    164	    412	   6459	   193b	STM32f401_Drivers.elf
Finished building: STM32f401_Drivers.siz
 
